Component: ARM Compiler 5.06 update 1 (build 61) Tool: armlink [4d35a8]

==============================================================================

Section Cross References

    startup_py32f030xx.o(RESET) refers to startup_py32f030xx.o(STACK) for __initial_sp
    startup_py32f030xx.o(RESET) refers to startup_py32f030xx.o(.text) for Reset_Handler
    startup_py32f030xx.o(RESET) refers to py32f0xx_it.o(i.NMI_Handler) for NMI_Handler
    startup_py32f030xx.o(RESET) refers to py32f0xx_it.o(i.HardFault_Handler) for HardFault_Handler
    startup_py32f030xx.o(RESET) refers to py32f0xx_it.o(i.SVC_Handler) for SVC_Handler
    startup_py32f030xx.o(RESET) refers to py32f0xx_it.o(i.PendSV_Handler) for PendSV_Handler
    startup_py32f030xx.o(RESET) refers to py32f0xx_it.o(i.SysTick_Handler) for SysTick_Handler
    startup_py32f030xx.o(RESET) refers to py32f0xx_it.o(i.PVD_IRQHandler) for PVD_IRQHandler
    startup_py32f030xx.o(RESET) refers to py32f0xx_it.o(i.EXTI2_3_IRQHandler) for EXTI2_3_IRQHandler
    startup_py32f030xx.o(RESET) refers to py32f0xx_it.o(i.EXTI4_15_IRQHandler) for EXTI4_15_IRQHandler
    startup_py32f030xx.o(.text) refers to system_py32f0xx.o(i.SystemInit) for SystemInit
    startup_py32f030xx.o(.text) refers to entry.o(.ARM.Collect$$$$00000000) for __main
    system_py32f0xx.o(i.$Sub$$main) refers to main.o(i.main) for $Super$$main
    system_py32f0xx.o(i.$Sub$$main) refers to system_py32f0xx.o(.ARM.__at_0x20000000) for VECT_SRAM_TAB
    system_py32f0xx.o(i.SystemCoreClockUpdate) refers to uidiv.o(.text) for __aeabi_uidivmod
    system_py32f0xx.o(i.SystemCoreClockUpdate) refers to system_py32f0xx.o(.data) for SystemCoreClock
    system_py32f0xx.o(i.SystemCoreClockUpdate) refers to system_py32f0xx.o(.constdata) for HSIFreqTable
    main.o(i.APP_FlashOBProgram) refers to py32f0xx_hal_flash.o(i.HAL_FLASH_Unlock) for HAL_FLASH_Unlock
    main.o(i.APP_FlashOBProgram) refers to py32f0xx_hal_flash.o(i.HAL_FLASH_OB_Unlock) for HAL_FLASH_OB_Unlock
    main.o(i.APP_FlashOBProgram) refers to py32f0xx_hal_flash.o(i.HAL_FLASH_OBProgram) for HAL_FLASH_OBProgram
    main.o(i.APP_FlashOBProgram) refers to py32f0xx_hal_flash.o(i.HAL_FLASH_Lock) for HAL_FLASH_Lock
    main.o(i.APP_FlashOBProgram) refers to py32f0xx_hal_flash.o(i.HAL_FLASH_OB_Lock) for HAL_FLASH_OB_Lock
    main.o(i.APP_FlashOBProgram) refers to py32f0xx_hal_flash.o(i.HAL_FLASH_OB_Launch) for HAL_FLASH_OB_Launch
    main.o(i.main) refers to py32f0xx_hal.o(i.HAL_Init) for HAL_Init
    main.o(i.main) refers to main.o(i.APP_FlashOBProgram) for APP_FlashOBProgram
    main.o(i.main) refers to initial.o(i.SystemClockConfig) for SystemClockConfig
    main.o(i.main) refers to initial.o(i.Systick_Initial) for Systick_Initial
    main.o(i.main) refers to gpio.o(i.GPIO_INITIAL) for GPIO_INITIAL
    main.o(i.main) refers to initial.o(i.Timer3_Initial) for Timer3_Initial
    main.o(i.main) refers to comp.o(i.Comp_Initial) for Comp_Initial
    main.o(i.main) refers to key.o(i.Key_Reload_Long) for Key_Reload_Long
    main.o(i.main) refers to key.o(i.Key_Flag_Out_Scan) for Key_Flag_Out_Scan
    main.o(i.main) refers to key.o(.bss) for key_power
    main.o(i.main) refers to py32f0xx_it.o(.data) for timer_5ms_flag
    initial.o(i.PWMB) refers to py32f0xx_hal_tim.o(i.HAL_TIM_PWM_Start) for HAL_TIM_PWM_Start
    initial.o(i.PWMB) refers to main.o(i.Error_Handler) for Error_Handler
    initial.o(i.PWMB) refers to py32f0xx_hal_tim.o(i.HAL_TIM_PWM_Stop) for HAL_TIM_PWM_Stop
    initial.o(i.PWMB) refers to initial.o(.bss) for TIM3Handle
    initial.o(i.SystemClockConfig) refers to memseta.o(.text) for __aeabi_memclr4
    initial.o(i.SystemClockConfig) refers to py32f0xx_hal_rcc.o(i.HAL_RCC_OscConfig) for HAL_RCC_OscConfig
    initial.o(i.SystemClockConfig) refers to main.o(i.Error_Handler) for Error_Handler
    initial.o(i.SystemClockConfig) refers to py32f0xx_hal_rcc.o(i.HAL_RCC_ClockConfig) for HAL_RCC_ClockConfig
    initial.o(i.Systick_Initial) refers to py32f0xx_hal_rcc.o(i.HAL_RCC_GetHCLKFreq) for HAL_RCC_GetHCLKFreq
    initial.o(i.Systick_Initial) refers to uidiv.o(.text) for __aeabi_uidivmod
    initial.o(i.Systick_Initial) refers to py32f0xx_hal_cortex.o(i.HAL_SYSTICK_Config) for HAL_SYSTICK_Config
    initial.o(i.Systick_Initial) refers to py32f0xx_hal_cortex.o(i.HAL_SYSTICK_CLKSourceConfig) for HAL_SYSTICK_CLKSourceConfig
    initial.o(i.Systick_Initial) refers to py32f0xx_hal_cortex.o(i.HAL_NVIC_SetPriority) for HAL_NVIC_SetPriority
    initial.o(i.Timer3_Initial) refers to py32f0xx_hal_tim.o(i.HAL_TIM_PWM_Init) for HAL_TIM_PWM_Init
    initial.o(i.Timer3_Initial) refers to main.o(i.Error_Handler) for Error_Handler
    initial.o(i.Timer3_Initial) refers to py32f0xx_hal_tim.o(i.HAL_TIM_PWM_ConfigChannel) for HAL_TIM_PWM_ConfigChannel
    initial.o(i.Timer3_Initial) refers to initial.o(.bss) for TIM3Handle
    py32f0xx_hal_msp.o(i.HAL_COMP_MspInit) refers to py32f0xx_hal_gpio.o(i.HAL_GPIO_Init) for HAL_GPIO_Init
[...]
    py32f0xx_hal_tim.o(i.HAL_TIM_DMABurst_MultiReadStart) refers to py32f0xx_hal_tim.o(i.TIM_DMATriggerHalfCplt) for TIM_DMATriggerHalfCplt
    py32f0xx_hal_tim.o(i.HAL_TIM_DMABurst_MultiWriteStart) refers to py32f0xx_hal_dma.o(i.HAL_DMA_Start_IT) for HAL_DMA_Start_IT
    py32f0xx_hal_tim.o(i.HAL_TIM_DMABurst_MultiWriteStart) refers to py32f0xx_hal_tim.o(i.TIM_DMAPeriodElapsedCplt) for TIM_DMAPeriodElapsedCplt
    py32f0xx_hal_tim.o(i.HAL_TIM_DMABurst_MultiWriteStart) refers to py32f0xx_hal_tim.o(i.TIM_DMAPeriodElapsedHalfCplt) for TIM_DMAPeriodElapsedHalfCplt
    py32f0xx_hal_tim.o(i.HAL_TIM_DMABurst_MultiWriteStart) refers to py32f0xx_hal_tim.o(i.TIM_DMAError) for TIM_DMAError
    py32f0xx_hal_tim.o(i.HAL_TIM_DMABurst_MultiWriteStart) refers to py32f0xx_hal_tim.o(i.TIM_DMADelayPulseCplt) for TIM_DMADelayPulseCplt
    py32f0xx_hal_tim.o(i.HAL_TIM_DMABurst_MultiWriteStart) refers to py32f0xx_hal_tim.o(i.TIM_DMADelayPulseHalfCplt) for TIM_DMADelayPulseHalfCplt
    py32f0xx_hal_tim.o(i.HAL_TIM_DMABurst_MultiWriteStart) refers to py32f0xx_hal_tim_ex.o(i.TIMEx_DMACommutationCplt) for TIMEx_DMACommutationCplt
    py32f0xx_hal_tim.o(i.HAL_TIM_DMABurst_MultiWriteStart) refers to py32f0xx_hal_tim_ex.o(i.TIMEx_DMACommutationHalfCplt) for TIMEx_DMACommutationHalfCplt
    py32f0xx_hal_tim.o(i.HAL_TIM_DMABurst_MultiWriteStart) refers to py32f0xx_hal_tim.o(i.TIM_DMATriggerCplt) for TIM_DMATriggerCplt
    py32f0xx_hal_tim.o(i.HAL_TIM_DMABurst_MultiWriteStart) refers to py32f0xx_hal_tim.o(i.TIM_DMATriggerHalfCplt) for TIM_DMATriggerHalfCplt
    py32f0xx_hal_tim.o(i.HAL_TIM_DMABurst_ReadStart) refers to py32f0xx_hal_tim.o(i.HAL_TIM_DMABurst_MultiReadStart) for HAL_TIM_DMABurst_MultiReadStart
    py32f0xx_hal_tim.o(i.HAL_TIM_DMABurst_ReadStop) refers to py32f0xx_hal_dma.o(i.HAL_DMA_Abort_IT) for HAL_DMA_Abort_IT
    py32f0xx_hal_tim.o(i.HAL_TIM_DMABurst_WriteStart) refers to py32f0xx_hal_tim.o(i.HAL_TIM_DMABurst_MultiWriteStart) for HAL_TIM_DMABurst_MultiWriteStart
    py32f0xx_hal_tim.o(i.HAL_TIM_DMABurst_WriteStop) refers to py32f0xx_hal_dma.o(i.HAL_DMA_Abort_IT) for HAL_DMA_Abort_IT
    py32f0xx_hal_tim.o(i.HAL_TIM_Encoder_DeInit) refers to py32f0xx_hal_tim.o(i.HAL_TIM_Encoder_MspDeInit) for HAL_TIM_Encoder_MspDeInit
    py32f0xx_hal_tim.o(i.HAL_TIM_Encoder_Init) refers to py32f0xx_hal_tim.o(i.HAL_TIM_Encoder_MspInit) for HAL_TIM_Encoder_MspInit
    py32f0xx_hal_tim.o(i.HAL_TIM_Encoder_Init) refers to py32f0xx_hal_tim.o(i.TIM_Base_SetConfig) for TIM_Base_SetConfig
    py32f0xx_hal_tim.o(i.HAL_TIM_Encoder_Start) refers to py32f0xx_hal_tim.o(i.TIM_CCxChannelCmd) for TIM_CCxChannelCmd
    py32f0xx_hal_tim.o(i.HAL_TIM_Encoder_Start_DMA) refers to py32f0xx_hal_dma.o(i.HAL_DMA_Start_IT) for HAL_DMA_Start_IT
    py32f0xx_hal_tim.o(i.HAL_TIM_Encoder_Start_DMA) refers to py32f0xx_hal_tim.o(i.TIM_CCxChannelCmd) for TIM_CCxChannelCmd
    py32f0xx_hal_tim.o(i.HAL_TIM_Encoder_Start_DMA) refers to py32f0xx_hal_tim.o(i.TIM_DMACaptureCplt) for TIM_DMACaptureCplt
    py32f0xx_hal_tim.o(i.HAL_TIM_Encoder_Start_DMA) refers to py32f0xx_hal_tim.o(i.TIM_DMACaptureHalfCplt) for TIM_DMACaptureHalfCplt
    py32f0xx_hal_tim.o(i.HAL_TIM_Encoder_Start_DMA) refers to py32f0xx_hal_tim.o(i.TIM_DMAError) for TIM_DMAError
    py32f0xx_hal_tim.o(i.HAL_TIM_Encoder_Start_IT) refers to py32f0xx_hal_tim.o(i.TIM_CCxChannelCmd) for TIM_CCxChannelCmd
    py32f0xx_hal_tim.o(i.HAL_TIM_Encoder_Stop) refers to py32f0xx_hal_tim.o(i.TIM_CCxChannelCmd) for TIM_CCxChannelCmd
    py32f0xx_hal_tim.o(i.HAL_TIM_Encoder_Stop_DMA) refers to py32f0xx_hal_tim.o(i.TIM_CCxChannelCmd) for TIM_CCxChannelCmd
    py32f0xx_hal_tim.o(i.HAL_TIM_Encoder_Stop_DMA) refers to py32f0xx_hal_dma.o(i.HAL_DMA_Abort_IT) for HAL_DMA_Abort_IT
    py32f0xx_hal_tim.o(i.HAL_TIM_Encoder_Stop_IT) refers to py32f0xx_hal_tim.o(i.TIM_CCxChannelCmd) for TIM_CCxChannelCmd
    py32f0xx_hal_tim.o(i.HAL_TIM_IC_ConfigChannel) refers to py32f0xx_hal_tim.o(i.TIM_TI1_SetConfig) for TIM_TI1_SetConfig
    py32f0xx_hal_tim.o(i.HAL_TIM_IC_ConfigChannel) refers to py32f0xx_hal_tim.o(i.TIM_TI2_SetConfig) for TIM_TI2_SetConfig
    py32f0xx_hal_tim.o(i.HAL_TIM_IC_ConfigChannel) refers to py32f0xx_hal_tim.o(i.TIM_TI3_SetConfig) for TIM_TI3_SetConfig
    py32f0xx_hal_tim.o(i.HAL_TIM_IC_ConfigChannel) refers to py32f0xx_hal_tim.o(i.TIM_TI4_SetConfig) for TIM_TI4_SetConfig
    py32f0xx_hal_tim.o(i.HAL_TIM_IC_DeInit) refers to py32f0xx_hal_tim.o(i.HAL_TIM_IC_MspDeInit) for HAL_TIM_IC_MspDeInit
    py32f0xx_hal_tim.o(i.HAL_TIM_IC_Init) refers to py32f0xx_hal_tim.o(i.HAL_TIM_IC_MspInit) for HAL_TIM_IC_MspInit
    py32f0xx_hal_tim.o(i.HAL_TIM_IC_Init) refers to py32f0xx_hal_tim.o(i.TIM_Base_SetConfig) for TIM_Base_SetConfig
    py32f0xx_hal_tim.o(i.HAL_TIM_IC_Start) refers to py32f0xx_hal_tim.o(i.TIM_CCxChannelCmd) for TIM_CCxChannelCmd
    py32f0xx_hal_tim.o(i.HAL_TIM_IC_Start_DMA) refers to py32f0xx_hal_dma.o(i.HAL_DMA_Start_IT) for HAL_DMA_Start_IT
    py32f0xx_hal_tim.o(i.HAL_TIM_IC_Start_DMA) refers to py32f0xx_hal_tim.o(i.TIM_CCxChannelCmd) for TIM_CCxChannelCmd
    py32f0xx_hal_tim.o(i.HAL_TIM_IC_Start_DMA) refers to py32f0xx_hal_tim.o(i.TIM_DMACaptureCplt) for TIM_DMACaptureCplt
    py32f0xx_hal_tim.o(i.HAL_TIM_IC_Start_DMA) refers to py32f0xx_hal_tim.o(i.TIM_DMACaptureHalfCplt) for TIM_DMACaptureHalfCplt
    py32f0xx_hal_tim.o(i.HAL_TIM_IC_Start_DMA) refers to py32f0xx_hal_tim.o(i.TIM_DMAError) for TIM_DMAError
    py32f0xx_hal_tim.o(i.HAL_TIM_IC_Start_IT) refers to py32f0xx_hal_tim.o(i.TIM_CCxChannelCmd) for TIM_CCxChannelCmd
    py32f0xx_hal_tim.o(i.HAL_TIM_IC_Stop) refers to py32f0xx_hal_tim.o(i.TIM_CCxChannelCmd) for TIM_CCxChannelCmd
    py32f0xx_hal_tim.o(i.HAL_TIM_IC_Stop_DMA) refers to py32f0xx_hal_dma.o(i.HAL_DMA_Abort_IT) for HAL_DMA_Abort_IT
    py32f0xx_hal_tim.o(i.HAL_TIM_IC_Stop_DMA) refers to py32f0xx_hal_tim.o(i.TIM_CCxChannelCmd) for TIM_CCxChannelCmd
    py32f0xx_hal_tim.o(i.HAL_TIM_IC_Stop_IT) refers to py32f0xx_hal_tim.o(i.TIM_CCxChannelCmd) for TIM_CCxChannelCmd
    py32f0xx_hal_tim.o(i.HAL_TIM_IRQHandler) refers to py32f0xx_hal_tim.o(i.HAL_TIM_IC_CaptureCallback) for HAL_TIM_IC_CaptureCallback
    py32f0xx_hal_tim.o(i.HAL_TIM_IRQHandler) refers to py32f0xx_hal_tim.o(i.HAL_TIM_OC_DelayElapsedCallback) for HAL_TIM_OC_DelayElapsedCallback
    py32f0xx_hal_tim.o(i.HAL_TIM_IRQHandler) refers to py32f0xx_hal_tim.o(i.HAL_TIM_PWM_PulseFinishedCallback) for HAL_TIM_PWM_PulseFinishedCallback
    py32f0xx_hal_tim.o(i.HAL_TIM_IRQHandler) refers to py32f0xx_hal_tim.o(i.HAL_TIM_PeriodElapsedCallback) for HAL_TIM_PeriodElapsedCallback
    py32f0xx_hal_tim.o(i.HAL_TIM_IRQHandler) refers to py32f0xx_hal_tim_ex.o(i.HAL_TIMEx_BreakCallback) for HAL_TIMEx_BreakCallback
    py32f0xx_hal_tim.o(i.HAL_TIM_IRQHandler) refers to py32f0xx_hal_tim.o(i.HAL_TIM_TriggerCallback) for HAL_TIM_TriggerCallback
    py32f0xx_hal_tim.o(i.HAL_TIM_IRQHandler) refers to py32f0xx_hal_tim_ex.o(i.HAL_TIMEx_CommutCallback) for HAL_TIMEx_CommutCallback
    py32f0xx_hal_tim.o(i.HAL_TIM_OC_ConfigChannel) refers to py32f0xx_hal_tim.o(i.TIM_OC1_SetConfig) for TIM_OC1_SetConfig
    py32f0xx_hal_tim.o(i.HAL_TIM_OC_ConfigChannel) refers to py32f0xx_hal_tim.o(i.TIM_OC2_SetConfig) for TIM_OC2_SetConfig
    py32f0xx_hal_tim.o(i.HAL_TIM_OC_ConfigChannel) refers to py32f0xx_hal_tim.o(i.TIM_OC3_SetConfig) for TIM_OC3_SetConfig
    py32f0xx_hal_tim.o(i.HAL_TIM_OC_ConfigChannel) refers to py32f0xx_hal_tim.o(i.TIM_OC4_SetConfig) for TIM_OC4_SetConfig
    py32f0xx_hal_tim.o(i.HAL_TIM_OC_DeInit) refers to py32f0xx_hal_tim.o(i.HAL_TIM_OC_MspDeInit) for HAL_TIM_OC_MspDeInit
    py32f0xx_hal_tim.o(i.HAL_TIM_OC_Init) refers to py32f0xx_hal_tim.o(i.HAL_TIM_OC_MspInit) for HAL_TIM_OC_MspInit
    py32f0xx_hal_tim.o(i.HAL_TIM_OC_Init) refers to py32f0xx_hal_tim.o(i.TIM_Base_SetConfig) for TIM_Base_SetConfig
    py32f0xx_hal_tim.o(i.HAL_TIM_OC_Start) refers to py32f0xx_hal_tim.o(i.TIM_CCxChannelCmd) for TIM_CCxChannelCmd
    py32f0xx_hal_tim.o(i.HAL_TIM_OC_Start_DMA) refers to py32f0xx_hal_dma.o(i.HAL_DMA_Start_IT) for HAL_DMA_Start_IT
    py32f0xx_hal_tim.o(i.HAL_TIM_OC_Start_DMA) refers to py32f0xx_hal_tim.o(i.TIM_CCxChannelCmd) for TIM_CCxChannelCmd
    py32f0xx_hal_tim.o(i.HAL_TIM_OC_Start_DMA) refers to py32f0xx_hal_tim.o(i.TIM_DMADelayPulseCplt) for TIM_DMADelayPulseCplt
    py32f0xx_hal_tim.o(i.HAL_TIM_OC_Start_DMA) refers to py32f0xx_hal_tim.o(i.TIM_DMADelayPulseHalfCplt) for TIM_DMADelayPulseHalfCplt
    py32f0xx_hal_tim.o(i.HAL_TIM_OC_Start_DMA) refers to py32f0xx_hal_tim.o(i.TIM_DMAError) for TIM_DMAError
    py32f0xx_hal_tim.o(i.HAL_TIM_OC_Start_IT) refers to py32f0xx_hal_tim.o(i.TIM_CCxChannelCmd) for TIM_CCxChannelCmd
    py32f0xx_hal_tim.o(i.HAL_TIM_OC_Stop) refers to py32f0xx_hal_tim.o(i.TIM_CCxChannelCmd) for TIM_CCxChannelCmd
    py32f0xx_hal_tim.o(i.HAL_TIM_OC_Stop_DMA) refers to py32f0xx_hal_dma.o(i.HAL_DMA_Abort_IT) for HAL_DMA_Abort_IT
    py32f0xx_hal_tim.o(i.HAL_TIM_OC_Stop_DMA) refers to py32f0xx_hal_tim.o(i.TIM_CCxChannelCmd) for TIM_CCxChannelCmd
    py32f0xx_hal_tim.o(i.HAL_TIM_OC_Stop_IT) refers to py32f0xx_hal_tim.o(i.TIM_CCxChannelCmd) for TIM_CCxChannelCmd
    py32f0xx_hal_tim.o(i.HAL_TIM_OnePulse_ConfigChannel) refers to py32f0xx_hal_tim.o(i.TIM_OC1_SetConfig) for TIM_OC1_SetConfig
    py32f0xx_hal_tim.o(i.HAL_TIM_OnePulse_ConfigChannel) refers to py32f0xx_hal_tim.o(i.TIM_OC2_SetConfig) for TIM_OC2_SetConfig
    py32f0xx_hal_tim.o(i.HAL_TIM_OnePulse_ConfigChannel) refers to py32f0xx_hal_tim.o(i.TIM_TI1_SetConfig) for TIM_TI1_SetConfig
    py32f0xx_hal_tim.o(i.HAL_TIM_OnePulse_ConfigChannel) refers to py32f0xx_hal_tim.o(i.TIM_TI2_SetConfig) for TIM_TI2_SetConfig
    py32f0xx_hal_tim.o(i.HAL_TIM_OnePulse_DeInit) refers to py32f0xx_hal_tim.o(i.HAL_TIM_OnePulse_MspDeInit) for HAL_TIM_OnePulse_MspDeInit
    py32f0xx_hal_tim.o(i.HAL_TIM_OnePulse_Init) refers to py32f0xx_hal_tim.o(i.HAL_TIM_OnePulse_MspInit) for HAL_TIM_OnePulse_MspInit
    py32f0xx_hal_tim.o(i.HAL_TIM_OnePulse_Init) refers to py32f0xx_hal_tim.o(i.TIM_Base_SetConfig) for TIM_Base_SetConfig
    py32f0xx_hal_tim.o(i.HAL_TIM_OnePulse_Start) refers to py32f0xx_hal_tim.o(i.TIM_CCxChannelCmd) for TIM_CCxChannelCmd
    py32f0xx_hal_tim.o(i.HAL_TIM_OnePulse_Start_IT) refers to py32f0xx_hal_tim.o(i.TIM_CCxChannelCmd) for TIM_CCxChannelCmd
    py32f0xx_hal_tim.o(i.HAL_TIM_OnePulse_Stop) refers to py32f0xx_hal_tim.o(i.TIM_CCxChannelCmd) for TIM_CCxChannelCmd
    py32f0xx_hal_tim.o(i.HAL_TIM_OnePulse_Stop_IT) refers to py32f0xx_hal_tim.o(i.TIM_CCxChannelCmd) for TIM_CCxChannelCmd
    py32f0xx_hal_tim.o(i.HAL_TIM_PWM_ConfigChannel) refers to py32f0xx_hal_tim.o(i.TIM_OC1_SetConfig) for TIM_OC1_SetConfig
    py32f0xx_hal_tim.o(i.HAL_TIM_PWM_ConfigChannel) refers to py32f0xx_hal_tim.o(i.TIM_OC2_SetConfig) for TIM_OC2_SetConfig
    py32f0xx_hal_tim.o(i.HAL_TIM_PWM_ConfigChannel) refers to py32f0xx_hal_tim.o(i.TIM_OC3_SetConfig) for TIM_OC3_SetConfig
    py32f0xx_hal_tim.o(i.HAL_TIM_PWM_ConfigChannel) refers to py32f0xx_hal_tim.o(i.TIM_OC4_SetConfig) for TIM_OC4_SetConfig
    py32f0xx_hal_tim.o(i.HAL_TIM_PWM_DeInit) refers to py32f0xx_hal_tim.o(i.HAL_TIM_PWM_MspDeInit) for HAL_TIM_PWM_MspDeInit
    py32f0xx_hal_tim.o(i.HAL_TIM_PWM_Init) refers to py32f0xx_hal_tim.o(i.HAL_TIM_PWM_MspInit) for HAL_TIM_PWM_MspInit
    py32f0xx_hal_tim.o(i.HAL_TIM_PWM_Init) refers to py32f0xx_hal_tim.o(i.TIM_Base_SetConfig) for TIM_Base_SetConfig
    py32f0xx_hal_tim.o(i.HAL_TIM_PWM_Start) refers to py32f0xx_hal_tim.o(i.TIM_CCxChannelCmd) for TIM_CCxChannelCmd
    py32f0xx_hal_tim.o(i.HAL_TIM_PWM_Start_DMA) refers to py32f0xx_hal_dma.o(i.HAL_DMA_Start_IT) for HAL_DMA_Start_IT
    py32f0xx_hal_tim.o(i.HAL_TIM_PWM_Start_DMA) refers to py32f0xx_hal_tim.o(i.TIM_CCxChannelCmd) for TIM_CCxChannelCmd
    py32f0xx_hal_tim.o(i.HAL_TIM_PWM_Start_DMA) refers to py32f0xx_hal_tim.o(i.TIM_DMADelayPulseCplt) for TIM_DMADelayPulseCplt
    py32f0xx_hal_tim.o(i.HAL_TIM_PWM_Start_DMA) refers to py32f0xx_hal_tim.o(i.TIM_DMADelayPulseHalfCplt) for TIM_DMADelayPulseHalfCplt
    py32f0xx_hal_tim.o(i.HAL_TIM_PWM_Start_DMA) refers to py32f0xx_hal_tim.o(i.TIM_DMAError) for TIM_DMAError
    py32f0xx_hal_tim.o(i.HAL_TIM_PWM_Start_IT) refers to py32f0xx_hal_tim.o(i.TIM_CCxChannelCmd) for TIM_CCxChannelCmd
    py32f0xx_hal_tim.o(i.HAL_TIM_PWM_Stop) refers to py32f0xx_hal_tim.o(i.TIM_CCxChannelCmd) for TIM_CCxChannelCmd
    py32f0xx_hal_tim.o(i.HAL_TIM_PWM_Stop_DMA) refers to py32f0xx_hal_dma.o(i.HAL_DMA_Abort_IT) for HAL_DMA_Abort_IT
    py32f0xx_hal_tim.o(i.HAL_TIM_PWM_Stop_DMA) refers to py32f0xx_hal_tim.o(i.TIM_CCxChannelCmd) for TIM_CCxChannelCmd
    py32f0xx_hal_tim.o(i.HAL_TIM_PWM_Stop_IT) refers to py32f0xx_hal_tim.o(i.TIM_CCxChannelCmd) for TIM_CCxChannelCmd
    py32f0xx_hal_tim.o(i.HAL_TIM_SlaveConfigSynchro) refers to py32f0xx_hal_tim.o(i.TIM_SlaveTimer_SetConfig) for TIM_SlaveTimer_SetConfig
    py32f0xx_hal_tim.o(i.HAL_TIM_SlaveConfigSynchro_IT) refers to py32f0xx_hal_tim.o(i.TIM_SlaveTimer_SetConfig) for TIM_SlaveTimer_SetConfig
    py32f0xx_hal_tim.o(i.TIM_DMACaptureCplt) refers to py32f0xx_hal_tim.o(i.HAL_TIM_IC_CaptureCallback) for HAL_TIM_IC_CaptureCallback
    py32f0xx_hal_tim.o(i.TIM_DMACaptureHalfCplt) refers to py32f0xx_hal_tim.o(i.HAL_TIM_IC_CaptureHalfCpltCallback) for HAL_TIM_IC_CaptureHalfCpltCallback
    py32f0xx_hal_tim.o(i.TIM_DMADelayPulseCplt) refers to py32f0xx_hal_tim.o(i.HAL_TIM_PWM_PulseFinishedCallback) for HAL_TIM_PWM_PulseFinishedCallback
    py32f0xx_hal_tim.o(i.TIM_DMADelayPulseHalfCplt) refers to py32f0xx_hal_tim.o(i.HAL_TIM_PWM_PulseFinishedHalfCpltCallback) for HAL_TIM_PWM_PulseFinishedHalfCpltCallback
    py32f0xx_hal_tim.o(i.TIM_DMAError) refers to py32f0xx_hal_tim.o(i.HAL_TIM_ErrorCallback) for HAL_TIM_ErrorCallback
    py32f0xx_hal_tim.o(i.TIM_DMAPeriodElapsedCplt) refers to py32f0xx_hal_tim.o(i.HAL_TIM_PeriodElapsedCallback) for HAL_TIM_PeriodElapsedCallback
    py32f0xx_hal_tim.o(i.TIM_DMAPeriodElapsedHalfCplt) refers to py32f0xx_hal_tim.o(i.HAL_TIM_PeriodElapsedHalfCpltCallback) for HAL_TIM_PeriodElapsedHalfCpltCallback
    py32f0xx_hal_tim.o(i.TIM_DMATriggerCplt) refers to py32f0xx_hal_tim.o(i.HAL_TIM_TriggerCallback) for HAL_TIM_TriggerCallback
    py32f0xx_hal_tim.o(i.TIM_DMATriggerHalfCplt) refers to py32f0xx_hal_tim.o(i.HAL_TIM_TriggerHalfCpltCallback) for HAL_TIM_TriggerHalfCpltCallback
    py32f0xx_hal_tim.o(i.TIM_SlaveTimer_SetConfig) refers to gpio.o(i.__ARM_common_switch8) for __ARM_common_switch8
    py32f0xx_hal_tim.o(i.TIM_SlaveTimer_SetConfig) refers to py32f0xx_hal_tim.o(i.TIM_ETR_SetConfig) for TIM_ETR_SetConfig
    py32f0xx_hal_tim.o(i.TIM_SlaveTimer_SetConfig) refers to py32f0xx_hal_tim.o(i.TIM_TI1_ConfigInputStage) for TIM_TI1_ConfigInputStage
    py32f0xx_hal_tim.o(i.TIM_SlaveTimer_SetConfig) refers to py32f0xx_hal_tim.o(i.TIM_TI2_ConfigInputStage) for TIM_TI2_ConfigInputStage
    py32f0xx_hal_tim_ex.o(i.HAL_TIMEx_ConfigCommutEvent_DMA) refers to py32f0xx_hal_tim_ex.o(i.TIMEx_DMACommutationCplt) for TIMEx_DMACommutationCplt
    py32f0xx_hal_tim_ex.o(i.HAL_TIMEx_ConfigCommutEvent_DMA) refers to py32f0xx_hal_tim_ex.o(i.TIMEx_DMACommutationHalfCplt) for TIMEx_DMACommutationHalfCplt
    py32f0xx_hal_tim_ex.o(i.HAL_TIMEx_ConfigCommutEvent_DMA) refers to py32f0xx_hal_tim.o(i.TIM_DMAError) for TIM_DMAError
    py32f0xx_hal_tim_ex.o(i.HAL_TIMEx_HallSensor_DeInit) refers to py32f0xx_hal_tim_ex.o(i.HAL_TIMEx_HallSensor_MspDeInit) for HAL_TIMEx_HallSensor_MspDeInit
    py32f0xx_hal_tim_ex.o(i.HAL_TIMEx_HallSensor_Init) refers to py32f0xx_hal_tim_ex.o(i.HAL_TIMEx_HallSensor_MspInit) for HAL_TIMEx_HallSensor_MspInit
    py32f0xx_hal_tim_ex.o(i.HAL_TIMEx_HallSensor_Init) refers to py32f0xx_hal_tim.o(i.TIM_Base_SetConfig) for TIM_Base_SetConfig
    py32f0xx_hal_tim_ex.o(i.HAL_TIMEx_HallSensor_Init) refers to py32f0xx_hal_tim.o(i.TIM_TI1_SetConfig) for TIM_TI1_SetConfig
    py32f0xx_hal_tim_ex.o(i.HAL_TIMEx_HallSensor_Init) refers to py32f0xx_hal_tim.o(i.TIM_OC2_SetConfig) for TIM_OC2_SetConfig
    py32f0xx_hal_tim_ex.o(i.HAL_TIMEx_HallSensor_Start) refers to py32f0xx_hal_tim.o(i.TIM_CCxChannelCmd) for TIM_CCxChannelCmd
    py32f0xx_hal_tim_ex.o(i.HAL_TIMEx_HallSensor_Start_DMA) refers to py32f0xx_hal_tim.o(i.TIM_CCxChannelCmd) for TIM_CCxChannelCmd
    py32f0xx_hal_tim_ex.o(i.HAL_TIMEx_HallSensor_Start_DMA) refers to py32f0xx_hal_dma.o(i.HAL_DMA_Start_IT) for HAL_DMA_Start_IT
    py32f0xx_hal_tim_ex.o(i.HAL_TIMEx_HallSensor_Start_DMA) refers to py32f0xx_hal_tim.o(i.TIM_DMACaptureCplt) for TIM_DMACaptureCplt
    py32f0xx_hal_tim_ex.o(i.HAL_TIMEx_HallSensor_Start_DMA) refers to py32f0xx_hal_tim.o(i.TIM_DMACaptureHalfCplt) for TIM_DMACaptureHalfCplt
    py32f0xx_hal_tim_ex.o(i.HAL_TIMEx_HallSensor_Start_DMA) refers to py32f0xx_hal_tim.o(i.TIM_DMAError) for TIM_DMAError
    py32f0xx_hal_tim_ex.o(i.HAL_TIMEx_HallSensor_Start_IT) refers to py32f0xx_hal_tim.o(i.TIM_CCxChannelCmd) for TIM_CCxChannelCmd
    py32f0xx_hal_tim_ex.o(i.HAL_TIMEx_HallSensor_Stop) refers to py32f0xx_hal_tim.o(i.TIM_CCxChannelCmd) for TIM_CCxChannelCmd
    py32f0xx_hal_tim_ex.o(i.HAL_TIMEx_HallSensor_Stop_DMA) refers to py32f0xx_hal_tim.o(i.TIM_CCxChannelCmd) for TIM_CCxChannelCmd
    py32f0xx_hal_tim_ex.o(i.HAL_TIMEx_HallSensor_Stop_DMA) refers to py32f0xx_hal_dma.o(i.HAL_DMA_Abort_IT) for HAL_DMA_Abort_IT
    py32f0xx_hal_tim_ex.o(i.HAL_TIMEx_HallSensor_Stop_IT) refers to py32f0xx_hal_tim.o(i.TIM_CCxChannelCmd) for TIM_CCxChannelCmd
    py32f0xx_hal_tim_ex.o(i.HAL_TIMEx_OCN_Start) refers to py32f0xx_hal_tim_ex.o(i.TIM_CCxNChannelCmd) for TIM_CCxNChannelCmd
    py32f0xx_hal_tim_ex.o(i.HAL_TIMEx_OCN_Start_DMA) refers to py32f0xx_hal_dma.o(i.HAL_DMA_Start_IT) for HAL_DMA_Start_IT
    py32f0xx_hal_tim_ex.o(i.HAL_TIMEx_OCN_Start_DMA) refers to py32f0xx_hal_tim_ex.o(i.TIM_CCxNChannelCmd) for TIM_CCxNChannelCmd
    py32f0xx_hal_tim_ex.o(i.HAL_TIMEx_OCN_Start_DMA) refers to py32f0xx_hal_tim.o(i.TIM_DMADelayPulseCplt) for TIM_DMADelayPulseCplt
    py32f0xx_hal_tim_ex.o(i.HAL_TIMEx_OCN_Start_DMA) refers to py32f0xx_hal_tim.o(i.TIM_DMADelayPulseHalfCplt) for TIM_DMADelayPulseHalfCplt
    py32f0xx_hal_tim_ex.o(i.HAL_TIMEx_OCN_Start_DMA) refers to py32f0xx_hal_tim.o(i.TIM_DMAError) for TIM_DMAError
    py32f0xx_hal_tim_ex.o(i.HAL_TIMEx_OCN_Start_IT) refers to py32f0xx_hal_tim_ex.o(i.TIM_CCxNChannelCmd) for TIM_CCxNChannelCmd
    py32f0xx_hal_tim_ex.o(i.HAL_TIMEx_OCN_Stop) refers to py32f0xx_hal_tim_ex.o(i.TIM_CCxNChannelCmd) for TIM_CCxNChannelCmd
    py32f0xx_hal_tim_ex.o(i.HAL_TIMEx_OCN_Stop_DMA) refers to py32f0xx_hal_dma.o(i.HAL_DMA_Abort_IT) for HAL_DMA_Abort_IT
    py32f0xx_hal_tim_ex.o(i.HAL_TIMEx_OCN_Stop_DMA) refers to py32f0xx_hal_tim_ex.o(i.TIM_CCxNChannelCmd) for TIM_CCxNChannelCmd
    py32f0xx_hal_tim_ex.o(i.HAL_TIMEx_OCN_Stop_IT) refers to py32f0xx_hal_tim_ex.o(i.TIM_CCxNChannelCmd) for TIM_CCxNChannelCmd
    py32f0xx_hal_tim_ex.o(i.HAL_TIMEx_OnePulseN_Start) refers to py32f0xx_hal_tim_ex.o(i.TIM_CCxNChannelCmd) for TIM_CCxNChannelCmd
    py32f0xx_hal_tim_ex.o(i.HAL_TIMEx_OnePulseN_Start_IT) refers to py32f0xx_hal_tim_ex.o(i.TIM_CCxNChannelCmd) for TIM_CCxNChannelCmd
    py32f0xx_hal_tim_ex.o(i.HAL_TIMEx_OnePulseN_Stop) refers to py32f0xx_hal_tim_ex.o(i.TIM_CCxNChannelCmd) for TIM_CCxNChannelCmd
    py32f0xx_hal_tim_ex.o(i.HAL_TIMEx_OnePulseN_Stop_IT) refers to py32f0xx_hal_tim_ex.o(i.TIM_CCxNChannelCmd) for TIM_CCxNChannelCmd
    py32f0xx_hal_tim_ex.o(i.HAL_TIMEx_PWMN_Start) refers to py32f0xx_hal_tim_ex.o(i.TIM_CCxNChannelCmd) for TIM_CCxNChannelCmd
    py32f0xx_hal_tim_ex.o(i.HAL_TIMEx_PWMN_Start_DMA) refers to py32f0xx_hal_dma.o(i.HAL_DMA_Start_IT) for HAL_DMA_Start_IT
    py32f0xx_hal_tim_ex.o(i.HAL_TIMEx_PWMN_Start_DMA) refers to py32f0xx_hal_tim_ex.o(i.TIM_CCxNChannelCmd) for TIM_CCxNChannelCmd
    py32f0xx_hal_tim_ex.o(i.HAL_TIMEx_PWMN_Start_DMA) refers to py32f0xx_hal_tim.o(i.TIM_DMADelayPulseCplt) for TIM_DMADelayPulseCplt
    py32f0xx_hal_tim_ex.o(i.HAL_TIMEx_PWMN_Start_DMA) refers to py32f0xx_hal_tim.o(i.TIM_DMADelayPulseHalfCplt) for TIM_DMADelayPulseHalfCplt
    py32f0xx_hal_tim_ex.o(i.HAL_TIMEx_PWMN_Start_DMA) refers to py32f0xx_hal_tim.o(i.TIM_DMAError) for TIM_DMAError
    py32f0xx_hal_tim_ex.o(i.HAL_TIMEx_PWMN_Start_IT) refers to py32f0xx_hal_tim_ex.o(i.TIM_CCxNChannelCmd) for TIM_CCxNChannelCmd
    py32f0xx_hal_tim_ex.o(i.HAL_TIMEx_PWMN_Stop) refers to py32f0xx_hal_tim_ex.o(i.TIM_CCxNChannelCmd) for TIM_CCxNChannelCmd
    py32f0xx_hal_tim_ex.o(i.HAL_TIMEx_PWMN_Stop_DMA) refers to py32f0xx_hal_dma.o(i.HAL_DMA_Abort_IT) for HAL_DMA_Abort_IT
    py32f0xx_hal_tim_ex.o(i.HAL_TIMEx_PWMN_Stop_DMA) refers to py32f0xx_hal_tim_ex.o(i.TIM_CCxNChannelCmd) for TIM_CCxNChannelCmd
    py32f0xx_hal_tim_ex.o(i.HAL_TIMEx_PWMN_Stop_IT) refers to py32f0xx_hal_tim_ex.o(i.TIM_CCxNChannelCmd) for TIM_CCxNChannelCmd
    py32f0xx_hal_tim_ex.o(i.TIMEx_DMACommutationCplt) refers to py32f0xx_hal_tim_ex.o(i.HAL_TIMEx_CommutCallback) for HAL_TIMEx_CommutCallback
    py32f0xx_hal_tim_ex.o(i.TIMEx_DMACommutationHalfCplt) refers to py32f0xx_hal_tim_ex.o(i.HAL_TIMEx_CommutHalfCpltCallback) for HAL_TIMEx_CommutHalfCpltCallback
    py32f0xx_hal_dma.o(i.HAL_DMA_ChannelMap) refers to uidiv.o(.text) for __aeabi_uidivmod
    py32f0xx_hal_dma.o(i.HAL_DMA_DeInit) refers to uidiv.o(.text) for __aeabi_uidivmod
    py32f0xx_hal_dma.o(i.HAL_DMA_Init) refers to uidiv.o(.text) for __aeabi_uidivmod
    py32f0xx_hal_dma.o(i.HAL_DMA_PollForTransfer) refers to py32f0xx_hal.o(i.HAL_GetTick) for HAL_GetTick
    py32f0xx_hal_dma.o(i.HAL_DMA_Start) refers to py32f0xx_hal_dma.o(i.DMA_SetConfig) for DMA_SetConfig
    py32f0xx_hal_dma.o(i.HAL_DMA_Start_IT) refers to py32f0xx_hal_dma.o(i.DMA_SetConfig) for DMA_SetConfig
    py32f0xx_hal_dma.o(i.HAL_DMA_UnRegisterCallback) refers to gpio.o(i.__ARM_common_switch8) for __ARM_common_switch8
    py32f0xx_hal_crc.o(i.HAL_CRC_DeInit) refers to py32f0xx_hal_crc.o(i.HAL_CRC_MspDeInit) for HAL_CRC_MspDeInit
    py32f0xx_hal_crc.o(i.HAL_CRC_Init) refers to py32f0xx_hal_crc.o(i.HAL_CRC_MspInit) for HAL_CRC_MspInit
    py32f0xx_hal_comp.o(i.HAL_COMP_DeInit) refers to py32f0xx_hal_comp.o(i.HAL_COMP_MspDeInit) for HAL_COMP_MspDeInit
    py32f0xx_hal_comp.o(i.HAL_COMP_IRQHandler) refers to py32f0xx_hal_comp.o(i.LL_EXTI_ClearFlag) for LL_EXTI_ClearFlag
    py32f0xx_hal_comp.o(i.HAL_COMP_IRQHandler) refers to py32f0xx_hal_comp.o(i.HAL_COMP_TriggerCallback) for HAL_COMP_TriggerCallback
    py32f0xx_hal_comp.o(i.HAL_COMP_Init) refers to py32f0xx_hal_msp.o(i.HAL_COMP_MspInit) for HAL_COMP_MspInit
    py32f0xx_hal_comp.o(i.HAL_COMP_Init) refers to uidiv.o(.text) for __aeabi_uidivmod
    py32f0xx_hal_comp.o(i.HAL_COMP_Init) refers to py32f0xx_hal_comp.o(i.LL_EXTI_ClearFlag) for LL_EXTI_ClearFlag
    py32f0xx_hal_comp.o(i.HAL_COMP_Init) refers to py32f0xx_hal_comp.o(i.LL_EXTI_DisableEvent) for LL_EXTI_DisableEvent
    py32f0xx_hal_comp.o(i.HAL_COMP_Init) refers to py32f0xx_hal_comp.o(i.LL_EXTI_DisableIT) for LL_EXTI_DisableIT
    py32f0xx_hal_comp.o(i.HAL_COMP_Init) refers to system_py32f0xx.o(.data) for SystemCoreClock
    py32f0xx_hal_comp.o(i.HAL_COMP_Start) refers to uidiv.o(.text) for __aeabi_uidivmod
    py32f0xx_hal_comp.o(i.HAL_COMP_Start) refers to system_py32f0xx.o(.data) for SystemCoreClock
    entry.o(.ARM.Collect$$$$00000000) refers (Special) to entry10a.o(.ARM.Collect$$$$0000000D) for __rt_final_cpp
    entry.o(.ARM.Collect$$$$00000000) refers (Special) to entry11a.o(.ARM.Collect$$$$0000000F) for __rt_final_exit
    entry.o(.ARM.Collect$$$$00000000) refers (Special) to entry7b.o(.ARM.Collect$$$$00000008) for _main_clock
    entry.o(.ARM.Collect$$$$00000000) refers (Special) to entry8b.o(.ARM.Collect$$$$0000000A) for _main_cpp_init
    entry.o(.ARM.Collect$$$$00000000) refers (Special) to entry9a.o(.ARM.Collect$$$$0000000B) for _main_init
    entry.o(.ARM.Collect$$$$00000000) refers (Special) to entry5.o(.ARM.Collect$$$$00000004) for _main_scatterload
    entry.o(.ARM.Collect$$$$00000000) refers (Special) to entry2.o(.ARM.Collect$$$$00000001) for _main_stk
    entry2.o(.ARM.Collect$$$$00000001) refers to entry2.o(.ARM.Collect$$$$00002712) for __lit__00000000
    entry2.o(.ARM.Collect$$$$00002712) refers to startup_py32f030xx.o(STACK) for __initial_sp
    entry2.o(__vectab_stack_and_reset_area) refers to startup_py32f030xx.o(STACK) for __initial_sp
    entry2.o(__vectab_stack_and_reset_area) refers to entry.o(.ARM.Collect$$$$00000000) for __main
    entry5.o(.ARM.Collect$$$$00000004) refers to init.o(.text) for __scatterload
    entry9a.o(.ARM.Collect$$$$0000000B) refers to system_py32f0xx.o(i.$Sub$$main) for main
    entry9b.o(.ARM.Collect$$$$0000000C) refers to system_py32f0xx.o(i.$Sub$$main) for main
    init.o(.text) refers to entry5.o(.ARM.Collect$$$$00000004) for __main_after_scatterload


==============================================================================

Removing Unused input sections from the image.

    Removing startup_py32f030xx.o(HEAP), (0 bytes).
    Removing system_py32f0xx.o(.rev16_text), (4 bytes).
    Removing system_py32f0xx.o(.revsh_text), (4 bytes).
    Removing system_py32f0xx.o(i.SystemCoreClockUpdate), (212 bytes).
    Removing main.o(.rev16_text), (4 bytes).
    Removing main.o(.revsh_text), (4 bytes).
    Removing initial.o(.rev16_text), (4 bytes).
    Removing initial.o(.revsh_text), (4 bytes).
    Removing initial.o(i.PWMB), (48 bytes).
    Removing py32f0xx_hal_msp.o(.rev16_text), (4 bytes).
    Removing py32f0xx_hal_msp.o(.revsh_text), (4 bytes).
    Removing gpio.o(.rev16_text), (4 bytes).
    Removing gpio.o(.revsh_text), (4 bytes).
    Removing py32f0xx_it.o(.rev16_text), (4 bytes).
    Removing py32f0xx_it.o(.revsh_text), (4 bytes).
    Removing key.o(.rev16_text), (4 bytes).
    Removing key.o(.revsh_text), (4 bytes).
    Removing comp.o(.rev16_text), (4 bytes).
    Removing comp.o(.revsh_text), (4 bytes).
    Removing py32f0xx_hal.o(.rev16_text), (4 bytes).
    Removing py32f0xx_hal.o(.revsh_text), (4 bytes).
    Removing py32f0xx_hal.o(i.HAL_DBGMCU_DisableDBGMCUStopMode), (20 bytes).
    Removing py32f0xx_hal.o(i.HAL_DBGMCU_EnableDBGMCUStopMode), (20 bytes).
    Removing py32f0xx_hal.o(i.HAL_DeInit), (52 bytes).
    Removing py32f0xx_hal.o(i.HAL_Delay), (44 bytes).
    Removing py32f0xx_hal.o(i.HAL_GetDEVID), (16 bytes).
    Removing py32f0xx_hal.o(i.HAL_GetHalVersion), (8 bytes).
    Removing py32f0xx_hal.o(i.HAL_GetREVID), (12 bytes).
    Removing py32f0xx_hal.o(i.HAL_GetTickFreq), (12 bytes).
    Removing py32f0xx_hal.o(i.HAL_GetTickPrio), (12 bytes).
    Removing py32f0xx_hal.o(i.HAL_GetUIDw0), (12 bytes).
    Removing py32f0xx_hal.o(i.HAL_GetUIDw1), (12 bytes).
    Removing py32f0xx_hal.o(i.HAL_GetUIDw2), (12 bytes).
    Removing py32f0xx_hal.o(i.HAL_MspDeInit), (2 bytes).
    Removing py32f0xx_hal.o(i.HAL_MspInit), (2 bytes).
    Removing py32f0xx_hal.o(i.HAL_ResumeTick), (20 bytes).
    Removing py32f0xx_hal.o(i.HAL_SYSCFG_DMA_Req), (16 bytes).
    Removing py32f0xx_hal.o(i.HAL_SetTickFreq), (44 bytes).
    Removing py32f0xx_hal.o(i.HAL_SuspendTick), (20 bytes).
    Removing py32f0xx_hal_adc.o(.rev16_text), (4 bytes).
    Removing py32f0xx_hal_adc.o(.revsh_text), (4 bytes).
    Removing py32f0xx_hal_adc_ex.o(.rev16_text), (4 bytes).
    Removing py32f0xx_hal_adc_ex.o(.revsh_text), (4 bytes).
    Removing py32f0xx_hal_cortex.o(.rev16_text), (4 bytes).
    Removing py32f0xx_hal_cortex.o(.revsh_text), (4 bytes).
    Removing py32f0xx_hal_cortex.o(i.HAL_NVIC_ClearPendingIRQ), (24 bytes).
    Removing py32f0xx_hal_cortex.o(i.HAL_NVIC_DisableIRQ), (24 bytes).
    Removing py32f0xx_hal_cortex.o(i.HAL_NVIC_EnableIRQ), (24 bytes).
    Removing py32f0xx_hal_cortex.o(i.HAL_NVIC_GetPendingIRQ), (40 bytes).
    Removing py32f0xx_hal_cortex.o(i.HAL_NVIC_GetPriority), (72 bytes).
    Removing py32f0xx_hal_cortex.o(i.HAL_NVIC_SetPendingIRQ), (24 bytes).
    Removing py32f0xx_hal_cortex.o(i.HAL_NVIC_SystemReset), (56 bytes).
    Removing py32f0xx_hal_cortex.o(i.HAL_SYSTICK_Callback), (2 bytes).
    Removing py32f0xx_hal_cortex.o(i.HAL_SYSTICK_IRQHandler), (8 bytes).
    Removing py32f0xx_hal_exti.o(.rev16_text), (4 bytes).
    Removing py32f0xx_hal_exti.o(.revsh_text), (4 bytes).
    Removing py32f0xx_hal_exti.o(i.HAL_EXTI_ClearConfigLine), (128 bytes).
    Removing py32f0xx_hal_exti.o(i.HAL_EXTI_ClearPending), (24 bytes).
    Removing py32f0xx_hal_exti.o(i.HAL_EXTI_GenerateSWI), (24 bytes).
    Removing py32f0xx_hal_exti.o(i.HAL_EXTI_GetConfigLine), (184 bytes).
    Removing py32f0xx_hal_exti.o(i.HAL_EXTI_GetHandle), (16 bytes).
    Removing py32f0xx_hal_exti.o(i.HAL_EXTI_GetPending), (36 bytes).
    Removing py32f0xx_hal_exti.o(i.HAL_EXTI_IRQHandler), (48 bytes).
    Removing py32f0xx_hal_exti.o(i.HAL_EXTI_RegisterCallback), (22 bytes).
    Removing py32f0xx_hal_exti.o(i.HAL_EXTI_SetConfigLine), (252 bytes).
    Removing py32f0xx_hal_flash.o(.rev16_text), (4 bytes).
    Removing py32f0xx_hal_flash.o(.revsh_text), (4 bytes).
    Removing py32f0xx_hal_flash.o(i.FLASH_MassErase), (40 bytes).
    Removing py32f0xx_hal_flash.o(i.FLASH_PageErase), (32 bytes).
    Removing py32f0xx_hal_flash.o(i.FLASH_Program_Page), (84 bytes).
    Removing py32f0xx_hal_flash.o(i.FLASH_SectorErase), (24 bytes).
    Removing py32f0xx_hal_flash.o(i.HAL_FLASH_EndOfOperationCallback), (2 bytes).
    Removing py32f0xx_hal_flash.o(i.HAL_FLASH_Erase), (584 bytes).
    Removing py32f0xx_hal_flash.o(i.HAL_FLASH_Erase_IT), (472 bytes).
    Removing py32f0xx_hal_flash.o(i.HAL_FLASH_GetError), (12 bytes).
    Removing py32f0xx_hal_flash.o(i.HAL_FLASH_IRQHandler), (288 bytes).
    Removing py32f0xx_hal_flash.o(i.HAL_FLASH_OBGetConfig), (80 bytes).
    Removing py32f0xx_hal_flash.o(i.HAL_FLASH_OB_RDP_LevelConfig), (124 bytes).
    Removing py32f0xx_hal_flash.o(i.HAL_FLASH_OperationErrorCallback), (2 bytes).
    Removing py32f0xx_hal_flash.o(i.HAL_FLASH_PageProgram), (18 bytes).
    Removing py32f0xx_hal_flash.o(i.HAL_FLASH_PageProgram_IT), (18 bytes).
    Removing py32f0xx_hal_flash.o(i.HAL_FLASH_Program), (440 bytes).
    Removing py32f0xx_hal_flash.o(i.HAL_FLASH_Program_IT), (420 bytes).
    Removing py32f0xx_hal_gpio.o(.rev16_text), (4 bytes).
    Removing py32f0xx_hal_gpio.o(.revsh_text), (4 bytes).
    Removing py32f0xx_hal_gpio.o(i.HAL_GPIO_DeInit), (244 bytes).
    Removing py32f0xx_hal_gpio.o(i.HAL_GPIO_LockPin), (50 bytes).
    Removing py32f0xx_hal_gpio.o(i.HAL_GPIO_TogglePin), (16 bytes).
    Removing py32f0xx_hal_gpio.o(i.HAL_GPIO_WritePin), (12 bytes).
    Removing py32f0xx_hal_led.o(.rev16_text), (4 bytes).
    Removing py32f0xx_hal_led.o(.revsh_text), (4 bytes).
    Removing py32f0xx_hal_pwr.o(.rev16_text), (4 bytes).
    Removing py32f0xx_hal_pwr.o(.revsh_text), (4 bytes).
    Removing py32f0xx_hal_pwr.o(i.HAL_PWR_ConfigBIAS), (60 bytes).
    Removing py32f0xx_hal_pwr.o(i.HAL_PWR_ConfigPVD), (204 bytes).
    Removing py32f0xx_hal_pwr.o(i.HAL_PWR_ConfigStopMode), (44 bytes).
    Removing py32f0xx_hal_pwr.o(i.HAL_PWR_DeInit), (32 bytes).
    Removing py32f0xx_hal_pwr.o(i.HAL_PWR_DisableBkUpAccess), (20 bytes).
    Removing py32f0xx_hal_pwr.o(i.HAL_PWR_DisablePVD), (20 bytes).
    Removing py32f0xx_hal_pwr.o(i.HAL_PWR_DisableSEVOnPend), (20 bytes).
    Removing py32f0xx_hal_pwr.o(i.HAL_PWR_DisableSleepOnExit), (20 bytes).
    Removing py32f0xx_hal_pwr.o(i.HAL_PWR_EnableBkUpAccess), (20 bytes).
    Removing py32f0xx_hal_pwr.o(i.HAL_PWR_EnablePVD), (20 bytes).
    Removing py32f0xx_hal_pwr.o(i.HAL_PWR_EnableSEVOnPend), (20 bytes).
    Removing py32f0xx_hal_pwr.o(i.HAL_PWR_EnableSleepOnExit), (20 bytes).
    Removing py32f0xx_hal_pwr.o(i.HAL_PWR_EnterSLEEPMode), (32 bytes).
    Removing py32f0xx_hal_pwr.o(i.HAL_PWR_EnterSTOPMode), (84 bytes).
    Removing py32f0xx_hal_rcc.o(.rev16_text), (4 bytes).
    Removing py32f0xx_hal_rcc.o(.revsh_text), (4 bytes).
    Removing py32f0xx_hal_rcc.o(i.HAL_RCC_CSSCallback), (2 bytes).
    Removing py32f0xx_hal_rcc.o(i.HAL_RCC_DeInit), (208 bytes).
    Removing py32f0xx_hal_rcc.o(i.HAL_RCC_DisableLSECSS), (20 bytes).
    Removing py32f0xx_hal_rcc.o(i.HAL_RCC_EnableCSS), (20 bytes).
    Removing py32f0xx_hal_rcc.o(i.HAL_RCC_EnableLSECSS), (20 bytes).
    Removing py32f0xx_hal_rcc.o(i.HAL_RCC_GetClockConfig), (60 bytes).
    Removing py32f0xx_hal_rcc.o(i.HAL_RCC_GetOscConfig), (220 bytes).
    Removing py32f0xx_hal_rcc.o(i.HAL_RCC_GetPCLK1Freq), (40 bytes).
    Removing py32f0xx_hal_rcc.o(i.HAL_RCC_LSECSSCallback), (2 bytes).
    Removing py32f0xx_hal_rcc.o(i.HAL_RCC_MCOConfig), (408 bytes).
    Removing py32f0xx_hal_rcc.o(i.HAL_RCC_NMI_IRQHandler), (48 bytes).
    Removing py32f0xx_hal_rcc_ex.o(.rev16_text), (4 bytes).
    Removing py32f0xx_hal_rcc_ex.o(.revsh_text), (4 bytes).
    Removing py32f0xx_hal_rcc_ex.o(i.HAL_RCCEx_DisableLSCO), (120 bytes).
    Removing py32f0xx_hal_rcc_ex.o(i.HAL_RCCEx_EnableLSCO), (196 bytes).
    Removing py32f0xx_hal_rcc_ex.o(i.HAL_RCCEx_GetPeriphCLKConfig), (68 bytes).
    Removing py32f0xx_hal_rcc_ex.o(i.HAL_RCCEx_GetPeriphCLKFreq), (540 bytes).
    Removing py32f0xx_hal_rcc_ex.o(i.HAL_RCCEx_PeriphCLKConfig), (428 bytes).
    Removing py32f0xx_hal_tim.o(.rev16_text), (4 bytes).
    Removing py32f0xx_hal_tim.o(.revsh_text), (4 bytes).
    Removing py32f0xx_hal_tim.o(i.HAL_TIM_Base_DeInit), (80 bytes).
    Removing py32f0xx_hal_tim.o(i.HAL_TIM_Base_GetState), (8 bytes).
    Removing py32f0xx_hal_tim.o(i.HAL_TIM_Base_Init), (56 bytes).
    Removing py32f0xx_hal_tim.o(i.HAL_TIM_Base_MspDeInit), (2 bytes).
    Removing py32f0xx_hal_tim.o(i.HAL_TIM_Base_MspInit), (2 bytes).
    Removing py32f0xx_hal_tim.o(i.HAL_TIM_Base_Start), (42 bytes).
    Removing py32f0xx_hal_tim.o(i.HAL_TIM_Base_Start_DMA), (140 bytes).
    Removing py32f0xx_hal_tim.o(i.HAL_TIM_Base_Start_IT), (42 bytes).
    Removing py32f0xx_hal_tim.o(i.HAL_TIM_Base_Stop), (64 bytes).
    Removing py32f0xx_hal_tim.o(i.HAL_TIM_Base_Stop_DMA), (80 bytes).
    Removing py32f0xx_hal_tim.o(i.HAL_TIM_Base_Stop_IT), (64 bytes).
    Removing py32f0xx_hal_tim.o(i.HAL_TIM_ConfigClockSource), (272 bytes).
    Removing py32f0xx_hal_tim.o(i.HAL_TIM_ConfigOCrefClear), (328 bytes).
    Removing py32f0xx_hal_tim.o(i.HAL_TIM_ConfigTI1Input), (32 bytes).
    Removing py32f0xx_hal_tim.o(i.HAL_TIM_DMABurst_MultiReadStart), (496 bytes).
    Removing py32f0xx_hal_tim.o(i.HAL_TIM_DMABurst_MultiWriteStart), (496 bytes).
    Removing py32f0xx_hal_tim.o(i.HAL_TIM_DMABurst_ReadStart), (36 bytes).
    Removing py32f0xx_hal_tim.o(i.HAL_TIM_DMABurst_ReadStop), (166 bytes).
    Removing py32f0xx_hal_tim.o(i.HAL_TIM_DMABurst_WriteStart), (36 bytes).
    Removing py32f0xx_hal_tim.o(i.HAL_TIM_DMABurst_WriteStop), (166 bytes).
    Removing py32f0xx_hal_tim.o(i.HAL_TIM_Encoder_DeInit), (80 bytes).
    Removing py32f0xx_hal_tim.o(i.HAL_TIM_Encoder_GetState), (8 bytes).
    Removing py32f0xx_hal_tim.o(i.HAL_TIM_Encoder_Init), (192 bytes).
    Removing py32f0xx_hal_tim.o(i.HAL_TIM_Encoder_MspDeInit), (2 bytes).
    Removing py32f0xx_hal_tim.o(i.HAL_TIM_Encoder_MspInit), (2 bytes).
    Removing py32f0xx_hal_tim.o(i.HAL_TIM_Encoder_Start), (80 bytes).
    Removing py32f0xx_hal_tim.o(i.HAL_TIM_Encoder_Start_DMA), (396 bytes).
    Removing py32f0xx_hal_tim.o(i.HAL_TIM_Encoder_Start_IT), (128 bytes).
    Removing py32f0xx_hal_tim.o(i.HAL_TIM_Encoder_Stop), (112 bytes).
    Removing py32f0xx_hal_tim.o(i.HAL_TIM_Encoder_Stop_DMA), (192 bytes).
    Removing py32f0xx_hal_tim.o(i.HAL_TIM_Encoder_Stop_IT), (160 bytes).
    Removing py32f0xx_hal_tim.o(i.HAL_TIM_ErrorCallback), (2 bytes).
    Removing py32f0xx_hal_tim.o(i.HAL_TIM_GenerateEvent), (54 bytes).
    Removing py32f0xx_hal_tim.o(i.HAL_TIM_IC_CaptureCallback), (2 bytes).
    Removing py32f0xx_hal_tim.o(i.HAL_TIM_IC_CaptureHalfCpltCallback), (2 bytes).
    Removing py32f0xx_hal_tim.o(i.HAL_TIM_IC_ConfigChannel), (226 bytes).
    Removing py32f0xx_hal_tim.o(i.HAL_TIM_IC_DeInit), (80 bytes).
    Removing py32f0xx_hal_tim.o(i.HAL_TIM_IC_GetState), (8 bytes).
    Removing py32f0xx_hal_tim.o(i.HAL_TIM_IC_Init), (56 bytes).
    Removing py32f0xx_hal_tim.o(i.HAL_TIM_IC_MspDeInit), (2 bytes).
    Removing py32f0xx_hal_tim.o(i.HAL_TIM_IC_MspInit), (2 bytes).
    Removing py32f0xx_hal_tim.o(i.HAL_TIM_IC_Start), (44 bytes).
    Removing py32f0xx_hal_tim.o(i.HAL_TIM_IC_Start_DMA), (356 bytes).
    Removing py32f0xx_hal_tim.o(i.HAL_TIM_IC_Start_IT), (122 bytes).
    Removing py32f0xx_hal_tim.o(i.HAL_TIM_IC_Stop), (64 bytes).
    Removing py32f0xx_hal_tim.o(i.HAL_TIM_IC_Stop_DMA), (180 bytes).
    Removing py32f0xx_hal_tim.o(i.HAL_TIM_IC_Stop_IT), (144 bytes).
    Removing py32f0xx_hal_tim.o(i.HAL_TIM_IRQHandler), (456 bytes).
    Removing py32f0xx_hal_tim.o(i.HAL_TIM_OC_ConfigChannel), (118 bytes).
    Removing py32f0xx_hal_tim.o(i.HAL_TIM_OC_DeInit), (80 bytes).
    Removing py32f0xx_hal_tim.o(i.HAL_TIM_OC_DelayElapsedCallback), (2 bytes).
    Removing py32f0xx_hal_tim.o(i.HAL_TIM_OC_GetState), (8 bytes).
    Removing py32f0xx_hal_tim.o(i.HAL_TIM_OC_Init), (56 bytes).
    Removing py32f0xx_hal_tim.o(i.HAL_TIM_OC_MspDeInit), (2 bytes).
    Removing py32f0xx_hal_tim.o(i.HAL_TIM_OC_MspInit), (2 bytes).
    Removing py32f0xx_hal_tim.o(i.HAL_TIM_OC_Start), (104 bytes).
    Removing py32f0xx_hal_tim.o(i.HAL_TIM_OC_Start_DMA), (416 bytes).
    Removing py32f0xx_hal_tim.o(i.HAL_TIM_OC_Start_IT), (184 bytes).
    Removing py32f0xx_hal_tim.o(i.HAL_TIM_OC_Stop), (152 bytes).
    Removing py32f0xx_hal_tim.o(i.HAL_TIM_OC_Stop_DMA), (268 bytes).
    Removing py32f0xx_hal_tim.o(i.HAL_TIM_OC_Stop_IT), (232 bytes).
    Removing py32f0xx_hal_tim.o(i.HAL_TIM_OnePulse_ConfigChannel), (298 bytes).
    Removing py32f0xx_hal_tim.o(i.HAL_TIM_OnePulse_DeInit), (80 bytes).
    Removing py32f0xx_hal_tim.o(i.HAL_TIM_OnePulse_GetState), (8 bytes).
    Removing py32f0xx_hal_tim.o(i.HAL_TIM_OnePulse_Init), (80 bytes).
    Removing py32f0xx_hal_tim.o(i.HAL_TIM_OnePulse_MspDeInit), (2 bytes).
    Removing py32f0xx_hal_tim.o(i.HAL_TIM_OnePulse_MspInit), (2 bytes).
    Removing py32f0xx_hal_tim.o(i.HAL_TIM_OnePulse_Start), (92 bytes).
    Removing py32f0xx_hal_tim.o(i.HAL_TIM_OnePulse_Start_IT), (116 bytes).
    Removing py32f0xx_hal_tim.o(i.HAL_TIM_OnePulse_Stop), (164 bytes).
    Removing py32f0xx_hal_tim.o(i.HAL_TIM_OnePulse_Stop_IT), (188 bytes).
    Removing py32f0xx_hal_tim.o(i.HAL_TIM_PWM_DeInit), (80 bytes).
    Removing py32f0xx_hal_tim.o(i.HAL_TIM_PWM_GetState), (8 bytes).
    Removing py32f0xx_hal_tim.o(i.HAL_TIM_PWM_MspDeInit), (2 bytes).
    Removing py32f0xx_hal_tim.o(i.HAL_TIM_PWM_PulseFinishedCallback), (2 bytes).
    Removing py32f0xx_hal_tim.o(i.HAL_TIM_PWM_PulseFinishedHalfCpltCallback), (2 bytes).
    Removing py32f0xx_hal_tim.o(i.HAL_TIM_PWM_Start), (104 bytes).
    Removing py32f0xx_hal_tim.o(i.HAL_TIM_PWM_Start_DMA), (416 bytes).
    Removing py32f0xx_hal_tim.o(i.HAL_TIM_PWM_Start_IT), (184 bytes).
    Removing py32f0xx_hal_tim.o(i.HAL_TIM_PWM_Stop), (160 bytes).
    Removing py32f0xx_hal_tim.o(i.HAL_TIM_PWM_Stop_DMA), (268 bytes).
    Removing py32f0xx_hal_tim.o(i.HAL_TIM_PWM_Stop_IT), (232 bytes).
    Removing py32f0xx_hal_tim.o(i.HAL_TIM_PeriodElapsedCallback), (2 bytes).
    Removing py32f0xx_hal_tim.o(i.HAL_TIM_PeriodElapsedHalfCpltCallback), (2 bytes).
    Removing py32f0xx_hal_tim.o(i.HAL_TIM_ReadCapturedValue), (52 bytes).
    Removing py32f0xx_hal_tim.o(i.HAL_TIM_SlaveConfigSynchro), (112 bytes).
    Removing py32f0xx_hal_tim.o(i.HAL_TIM_SlaveConfigSynchro_IT), (112 bytes).
    Removing py32f0xx_hal_tim.o(i.HAL_TIM_TriggerCallback), (2 bytes).
    Removing py32f0xx_hal_tim.o(i.HAL_TIM_TriggerHalfCpltCallback), (2 bytes).
    Removing py32f0xx_hal_tim.o(i.TIM_CCxChannelCmd), (34 bytes).
    Removing py32f0xx_hal_tim.o(i.TIM_DMACaptureCplt), (70 bytes).
    Removing py32f0xx_hal_tim.o(i.TIM_DMACaptureHalfCplt), (70 bytes).
    Removing py32f0xx_hal_tim.o(i.TIM_DMADelayPulseCplt), (70 bytes).
    Removing py32f0xx_hal_tim.o(i.TIM_DMADelayPulseHalfCplt), (70 bytes).
    Removing py32f0xx_hal_tim.o(i.TIM_DMAError), (20 bytes).
    Removing py32f0xx_hal_tim.o(i.TIM_DMAPeriodElapsedCplt), (20 bytes).
    Removing py32f0xx_hal_tim.o(i.TIM_DMAPeriodElapsedHalfCplt), (20 bytes).
    Removing py32f0xx_hal_tim.o(i.TIM_DMATriggerCplt), (20 bytes).
    Removing py32f0xx_hal_tim.o(i.TIM_DMATriggerHalfCplt), (20 bytes).
    Removing py32f0xx_hal_tim.o(i.TIM_ETR_SetConfig), (28 bytes).
    Removing py32f0xx_hal_tim.o(i.TIM_ITRx_SetConfig), (24 bytes).
    Removing py32f0xx_hal_tim.o(i.TIM_SlaveTimer_SetConfig), (176 bytes).
    Removing py32f0xx_hal_tim.o(i.TIM_TI1_ConfigInputStage), (50 bytes).
    Removing py32f0xx_hal_tim.o(i.TIM_TI1_SetConfig), (96 bytes).
    Removing py32f0xx_hal_tim.o(i.TIM_TI2_ConfigInputStage), (50 bytes).
    Removing py32f0xx_hal_tim.o(i.TIM_TI2_SetConfig), (72 bytes).
    Removing py32f0xx_hal_tim.o(i.TIM_TI3_SetConfig), (70 bytes).
    Removing py32f0xx_hal_tim.o(i.TIM_TI4_SetConfig), (78 bytes).
    Removing py32f0xx_hal_tim_ex.o(.rev16_text), (4 bytes).
    Removing py32f0xx_hal_tim_ex.o(.revsh_text), (4 bytes).
    Removing py32f0xx_hal_tim_ex.o(i.HAL_TIMEx_BreakCallback), (2 bytes).
    Removing py32f0xx_hal_tim_ex.o(i.HAL_TIMEx_CommutCallback), (2 bytes).
    Removing py32f0xx_hal_tim_ex.o(i.HAL_TIMEx_CommutHalfCpltCallback), (2 bytes).
    Removing py32f0xx_hal_tim_ex.o(i.HAL_TIMEx_ConfigBreakDeadTime), (140 bytes).
    Removing py32f0xx_hal_tim_ex.o(i.HAL_TIMEx_ConfigCommutEvent), (124 bytes).
    Removing py32f0xx_hal_tim_ex.o(i.HAL_TIMEx_ConfigCommutEvent_DMA), (168 bytes).
    Removing py32f0xx_hal_tim_ex.o(i.HAL_TIMEx_ConfigCommutEvent_IT), (138 bytes).
    Removing py32f0xx_hal_tim_ex.o(i.HAL_TIMEx_HallSensor_DeInit), (80 bytes).
    Removing py32f0xx_hal_tim_ex.o(i.HAL_TIMEx_HallSensor_GetState), (8 bytes).
    Removing py32f0xx_hal_tim_ex.o(i.HAL_TIMEx_HallSensor_Init), (212 bytes).
    Removing py32f0xx_hal_tim_ex.o(i.HAL_TIMEx_HallSensor_MspDeInit), (2 bytes).
    Removing py32f0xx_hal_tim_ex.o(i.HAL_TIMEx_HallSensor_MspInit), (2 bytes).
    Removing py32f0xx_hal_tim_ex.o(i.HAL_TIMEx_HallSensor_Start), (42 bytes).
    Removing py32f0xx_hal_tim_ex.o(i.HAL_TIMEx_HallSensor_Start_DMA), (148 bytes).
    Removing py32f0xx_hal_tim_ex.o(i.HAL_TIMEx_HallSensor_Start_IT), (54 bytes).
    Removing py32f0xx_hal_tim_ex.o(i.HAL_TIMEx_HallSensor_Stop), (64 bytes).
    Removing py32f0xx_hal_tim_ex.o(i.HAL_TIMEx_HallSensor_Stop_DMA), (84 bytes).
    Removing py32f0xx_hal_tim_ex.o(i.HAL_TIMEx_HallSensor_Stop_IT), (76 bytes).
    Removing py32f0xx_hal_tim_ex.o(i.HAL_TIMEx_MasterConfigSynchronization), (120 bytes).
    Removing py32f0xx_hal_tim_ex.o(i.HAL_TIMEx_OCN_Start), (58 bytes).
    Removing py32f0xx_hal_tim_ex.o(i.HAL_TIMEx_OCN_Start_DMA), (304 bytes).
    Removing py32f0xx_hal_tim_ex.o(i.HAL_TIMEx_OCN_Start_IT), (130 bytes).
    Removing py32f0xx_hal_tim_ex.o(i.HAL_TIMEx_OCN_Stop), (108 bytes).
    Removing py32f0xx_hal_tim_ex.o(i.HAL_TIMEx_OCN_Stop_DMA), (196 bytes).
    Removing py32f0xx_hal_tim_ex.o(i.HAL_TIMEx_OCN_Stop_IT), (196 bytes).
    Removing py32f0xx_hal_tim_ex.o(i.HAL_TIMEx_OnePulseN_Start), (34 bytes).
    Removing py32f0xx_hal_tim_ex.o(i.HAL_TIMEx_OnePulseN_Start_IT), (58 bytes).
    Removing py32f0xx_hal_tim_ex.o(i.HAL_TIMEx_OnePulseN_Stop), (108 bytes).
    Removing py32f0xx_hal_tim_ex.o(i.HAL_TIMEx_OnePulseN_Stop_IT), (132 bytes).
    Removing py32f0xx_hal_tim_ex.o(i.HAL_TIMEx_PWMN_Start), (58 bytes).
    Removing py32f0xx_hal_tim_ex.o(i.HAL_TIMEx_PWMN_Start_DMA), (304 bytes).
    Removing py32f0xx_hal_tim_ex.o(i.HAL_TIMEx_PWMN_Start_IT), (130 bytes).
    Removing py32f0xx_hal_tim_ex.o(i.HAL_TIMEx_PWMN_Stop), (108 bytes).
    Removing py32f0xx_hal_tim_ex.o(i.HAL_TIMEx_PWMN_Stop_DMA), (196 bytes).
    Removing py32f0xx_hal_tim_ex.o(i.HAL_TIMEx_PWMN_Stop_IT), (196 bytes).
    Removing py32f0xx_hal_tim_ex.o(i.HAL_TIMEx_RemapConfig), (42 bytes).
    Removing py32f0xx_hal_tim_ex.o(i.TIMEx_DMACommutationCplt), (20 bytes).
    Removing py32f0xx_hal_tim_ex.o(i.TIMEx_DMACommutationHalfCplt), (20 bytes).
    Removing py32f0xx_hal_tim_ex.o(i.TIM_CCxNChannelCmd), (34 bytes).
    Removing py32f0xx_hal_dma.o(.rev16_text), (4 bytes).
    Removing py32f0xx_hal_dma.o(.revsh_text), (4 bytes).
    Removing py32f0xx_hal_dma.o(i.DMA_SetConfig), (42 bytes).
    Removing py32f0xx_hal_dma.o(i.HAL_DMA_Abort), (84 bytes).
    Removing py32f0xx_hal_dma.o(i.HAL_DMA_Abort_IT), (120 bytes).
    Removing py32f0xx_hal_dma.o(i.HAL_DMA_ChannelMap), (92 bytes).
    Removing py32f0xx_hal_dma.o(i.HAL_DMA_DeInit), (108 bytes).
    Removing py32f0xx_hal_dma.o(i.HAL_DMA_GetError), (6 bytes).
    Removing py32f0xx_hal_dma.o(i.HAL_DMA_GetState), (8 bytes).
    Removing py32f0xx_hal_dma.o(i.HAL_DMA_IRQHandler), (296 bytes).
    Removing py32f0xx_hal_dma.o(i.HAL_DMA_Init), (112 bytes).
    Removing py32f0xx_hal_dma.o(i.HAL_DMA_PollForTransfer), (380 bytes).
    Removing py32f0xx_hal_dma.o(i.HAL_DMA_RegisterCallback), (92 bytes).
    Removing py32f0xx_hal_dma.o(i.HAL_DMA_Start), (110 bytes).
    Removing py32f0xx_hal_dma.o(i.HAL_DMA_Start_IT), (154 bytes).
    Removing py32f0xx_hal_dma.o(i.HAL_DMA_UnRegisterCallback), (108 bytes).
    Removing py32f0xx_hal_crc.o(.rev16_text), (4 bytes).
    Removing py32f0xx_hal_crc.o(.revsh_text), (4 bytes).
    Removing py32f0xx_hal_crc.o(i.HAL_CRC_Accumulate), (40 bytes).
    Removing py32f0xx_hal_crc.o(i.HAL_CRC_Calculate), (52 bytes).
    Removing py32f0xx_hal_crc.o(i.HAL_CRC_DeInit), (68 bytes).
    Removing py32f0xx_hal_crc.o(i.HAL_CRC_GetState), (6 bytes).
    Removing py32f0xx_hal_crc.o(i.HAL_CRC_Init), (34 bytes).
    Removing py32f0xx_hal_crc.o(i.HAL_CRC_MspDeInit), (2 bytes).
    Removing py32f0xx_hal_crc.o(i.HAL_CRC_MspInit), (2 bytes).
    Removing py32f0xx_hal_comp.o(.rev16_text), (4 bytes).
    Removing py32f0xx_hal_comp.o(.revsh_text), (4 bytes).
    Removing py32f0xx_hal_comp.o(i.HAL_COMP_DeInit), (64 bytes).
    Removing py32f0xx_hal_comp.o(i.HAL_COMP_GetError), (6 bytes).
    Removing py32f0xx_hal_comp.o(i.HAL_COMP_GetOutputLevel), (16 bytes).
    Removing py32f0xx_hal_comp.o(i.HAL_COMP_GetState), (14 bytes).
    Removing py32f0xx_hal_comp.o(i.HAL_COMP_IRQHandler), (100 bytes).
    Removing py32f0xx_hal_comp.o(i.HAL_COMP_Lock), (92 bytes).
    Removing py32f0xx_hal_comp.o(i.HAL_COMP_MspDeInit), (2 bytes).
    Removing py32f0xx_hal_comp.o(i.HAL_COMP_MspInit), (2 bytes).
    Removing py32f0xx_hal_comp.o(i.HAL_COMP_TriggerCallback), (2 bytes).

314 unused section(s) (total 25102 bytes) removed from the image.

==============================================================================

Image Symbol Table

    Local Symbols

    Symbol Name                              Value     Ov Type        Size  Object(Section)

    ../clib/microlib/division.c              0x00000000   Number         0  uidiv.o ABSOLUTE
    ../clib/microlib/init/entry.s            0x00000000   Number         0  entry7a.o ABSOLUTE
    ../clib/microlib/init/entry.s            0x00000000   Number         0  entry8b.o ABSOLUTE
    ../clib/microlib/init/entry.s            0x00000000   Number         0  entry.o ABSOLUTE
    ../clib/microlib/init/entry.s            0x00000000   Number         0  entry5.o ABSOLUTE
    ../clib/microlib/init/entry.s            0x00000000   Number         0  entry8a.o ABSOLUTE
    ../clib/microlib/init/entry.s            0x00000000   Number         0  entry7b.o ABSOLUTE
    ../clib/microlib/init/entry.s            0x00000000   Number         0  entry2.o ABSOLUTE
    ../clib/microlib/init/entry.s            0x00000000   Number         0  entry11b.o ABSOLUTE
    ../clib/microlib/init/entry.s            0x00000000   Number         0  entry11a.o ABSOLUTE
    ../clib/microlib/init/entry.s            0x00000000   Number         0  entry10b.o ABSOLUTE
    ../clib/microlib/init/entry.s            0x00000000   Number         0  entry10a.o ABSOLUTE
    ../clib/microlib/init/entry.s            0x00000000   Number         0  entry9b.o ABSOLUTE
    ../clib/microlib/init/entry.s            0x00000000   Number         0  entry9a.o ABSOLUTE
    ../clib/microlib/string/memcpy.c         0x00000000   Number         0  memcpyb.o ABSOLUTE
    ../clib/microlib/string/memcpy.c         0x00000000   Number         0  memcpya.o ABSOLUTE
    ../clib/microlib/string/memset.c         0x00000000   Number         0  memseta.o ABSOLUTE
    ..\Drivers\PY32F0xx_HAL_Driver\Src\py32f0xx_hal.c 0x00000000   Number         0  py32f0xx_hal.o ABSOLUTE
    ..\Drivers\PY32F0xx_HAL_Driver\Src\py32f0xx_hal_adc.c 0x00000000   Number         0  py32f0xx_hal_adc.o ABSOLUTE
    ..\Drivers\PY32F0xx_HAL_Driver\Src\py32f0xx_hal_adc_ex.c 0x00000000   Number         0  py32f0xx_hal_adc_ex.o ABSOLUTE
    ..\Drivers\PY32F0xx_HAL_Driver\Src\py32f0xx_hal_comp.c 0x00000000   Number         0  py32f0xx_hal_comp.o ABSOLUTE
    ..\Drivers\PY32F0xx_HAL_Driver\Src\py32f0xx_hal_cortex.c 0x00000000   Number         0  py32f0xx_hal_cortex.o ABSOLUTE
    ..\Drivers\PY32F0xx_HAL_Driver\Src\py32f0xx_hal_crc.c 0x00000000   Number         0  py32f0xx_hal_crc.o ABSOLUTE
    ..\Drivers\PY32F0xx_HAL_Driver\Src\py32f0xx_hal_dma.c 0x00000000   Number         0  py32f0xx_hal_dma.o ABSOLUTE
    ..\Drivers\PY32F0xx_HAL_Driver\Src\py32f0xx_hal_exti.c 0x00000000   Number         0  py32f0xx_hal_exti.o ABSOLUTE
    ..\Drivers\PY32F0xx_HAL_Driver\Src\py32f0xx_hal_flash.c 0x00000000   Number         0  py32f0xx_hal_flash.o ABSOLUTE
    ..\Drivers\PY32F0xx_HAL_Driver\Src\py32f0xx_hal_gpio.c 0x00000000   Number         0  py32f0xx_hal_gpio.o ABSOLUTE
    ..\Drivers\PY32F0xx_HAL_Driver\Src\py32f0xx_hal_led.c 0x00000000   Number         0  py32f0xx_hal_led.o ABSOLUTE
    ..\Drivers\PY32F0xx_HAL_Driver\Src\py32f0xx_hal_pwr.c 0x00000000   Number         0  py32f0xx_hal_pwr.o ABSOLUTE
    ..\Drivers\PY32F0xx_HAL_Driver\Src\py32f0xx_hal_rcc.c 0x00000000   Number         0  py32f0xx_hal_rcc.o ABSOLUTE
    ..\Drivers\PY32F0xx_HAL_Driver\Src\py32f0xx_hal_rcc_ex.c 0x00000000   Number         0  py32f0xx_hal_rcc_ex.o ABSOLUTE
    ..\Drivers\PY32F0xx_HAL_Driver\Src\py32f0xx_hal_tim.c 0x00000000   Number         0  py32f0xx_hal_tim.o ABSOLUTE
    ..\Drivers\PY32F0xx_HAL_Driver\Src\py32f0xx_hal_tim_ex.c 0x00000000   Number         0  py32f0xx_hal_tim_ex.o ABSOLUTE
    ..\Src\Initial.c                         0x00000000   Number         0  initial.o ABSOLUTE
    ..\Src\comp.c                            0x00000000   Number         0  comp.o ABSOLUTE
    ..\Src\gpio.c                            0x00000000   Number         0  gpio.o ABSOLUTE
    ..\Src\key.c                             0x00000000   Number         0  key.o ABSOLUTE
    ..\Src\main.c                            0x00000000   Number         0  main.o ABSOLUTE
    ..\Src\py32f0xx_hal_msp.c                0x00000000   Number         0  py32f0xx_hal_msp.o ABSOLUTE
    ..\Src\py32f0xx_it.c                     0x00000000   Number         0  py32f0xx_it.o ABSOLUTE
    ..\Src\system_py32f0xx.c                 0x00000000   Number         0  system_py32f0xx.o ABSOLUTE
    ..\\Drivers\\PY32F0xx_HAL_Driver\\Src\\py32f0xx_hal.c 0x00000000   Number         0  py32f0xx_hal.o ABSOLUTE
    ..\\Drivers\\PY32F0xx_HAL_Driver\\Src\\py32f0xx_hal_adc.c 0x00000000   Number         0  py32f0xx_hal_adc.o ABSOLUTE
    ..\\Drivers\\PY32F0xx_HAL_Driver\\Src\\py32f0xx_hal_adc_ex.c 0x00000000   Number         0  py32f0xx_hal_adc_ex.o ABSOLUTE
    ..\\Drivers\\PY32F0xx_HAL_Driver\\Src\\py32f0xx_hal_comp.c 0x00000000   Number         0  py32f0xx_hal_comp.o ABSOLUTE
    ..\\Drivers\\PY32F0xx_HAL_Driver\\Src\\py32f0xx_hal_cortex.c 0x00000000   Number         0  py32f0xx_hal_cortex.o ABSOLUTE
    ..\\Drivers\\PY32F0xx_HAL_Driver\\Src\\py32f0xx_hal_crc.c 0x00000000   Number         0  py32f0xx_hal_crc.o ABSOLUTE
    ..\\Drivers\\PY32F0xx_HAL_Driver\\Src\\py32f0xx_hal_dma.c 0x00000000   Number         0  py32f0xx_hal_dma.o ABSOLUTE
    ..\\Drivers\\PY32F0xx_HAL_Driver\\Src\\py32f0xx_hal_exti.c 0x00000000   Number         0  py32f0xx_hal_exti.o ABSOLUTE
    ..\\Drivers\\PY32F0xx_HAL_Driver\\Src\\py32f0xx_hal_flash.c 0x00000000   Number         0  py32f0xx_hal_flash.o ABSOLUTE
    ..\\Drivers\\PY32F0xx_HAL_Driver\\Src\\py32f0xx_hal_gpio.c 0x00000000   Number         0  py32f0xx_hal_gpio.o ABSOLUTE
    ..\\Drivers\\PY32F0xx_HAL_Driver\\Src\\py32f0xx_hal_led.c 0x00000000   Number         0  py32f0xx_hal_led.o ABSOLUTE
    ..\\Drivers\\PY32F0xx_HAL_Driver\\Src\\py32f0xx_hal_pwr.c 0x00000000   Number         0  py32f0xx_hal_pwr.o ABSOLUTE
    ..\\Drivers\\PY32F0xx_HAL_Driver\\Src\\py32f0xx_hal_rcc.c 0x00000000   Number         0  py32f0xx_hal_rcc.o ABSOLUTE
    ..\\Drivers\\PY32F0xx_HAL_Driver\\Src\\py32f0xx_hal_rcc_ex.c 0x00000000   Number         0  py32f0xx_hal_rcc_ex.o ABSOLUTE
    ..\\Drivers\\PY32F0xx_HAL_Driver\\Src\\py32f0xx_hal_tim.c 0x00000000   Number         0  py32f0xx_hal_tim.o ABSOLUTE
    ..\\Drivers\\PY32F0xx_HAL_Driver\\Src\\py32f0xx_hal_tim_ex.c 0x00000000   Number         0  py32f0xx_hal_tim_ex.o ABSOLUTE
    ..\\Src\\Initial.c                       0x00000000   Number         0  initial.o ABSOLUTE
    ..\\Src\\comp.c                          0x00000000   Number         0  comp.o ABSOLUTE
    ..\\Src\\gpio.c                          0x00000000   Number         0  gpio.o ABSOLUTE
    ..\\Src\\key.c                           0x00000000   Number         0  key.o ABSOLUTE
    ..\\Src\\main.c                          0x00000000   Number         0  main.o ABSOLUTE
    ..\\Src\\py32f0xx_hal_msp.c              0x00000000   Number         0  py32f0xx_hal_msp.o ABSOLUTE
    ..\\Src\\py32f0xx_it.c                   0x00000000   Number         0  py32f0xx_it.o ABSOLUTE
    ..\\Src\\system_py32f0xx.c               0x00000000   Number         0  system_py32f0xx.o ABSOLUTE
    dc.s                                     0x00000000   Number         0  dc.o ABSOLUTE
    handlers.s                               0x00000000   Number         0  handlers.o ABSOLUTE
    init.s                                   0x00000000   Number         0  init.o ABSOLUTE
    startup_py32f030xx.s                     0x00000000   Number         0  startup_py32f030xx.o ABSOLUTE
    RESET                                    0x08000000   Section      192  startup_py32f030xx.o(RESET)
    .ARM.Collect$$$$00000000                 0x080000c0   Section        0  entry.o(.ARM.Collect$$$$00000000)
    .ARM.Collect$$$$00000001                 0x080000c0   Section        4  entry2.o(.ARM.Collect$$$$00000001)
    .ARM.Collect$$$$00000004                 0x080000c4   Section        4  entry5.o(.ARM.Collect$$$$00000004)
    .ARM.Collect$$$$00000008                 0x080000c8   Section        0  entry7b.o(.ARM.Collect$$$$00000008)
    .ARM.Collect$$$$0000000A                 0x080000c8   Section        0  entry8b.o(.ARM.Collect$$$$0000000A)
    .ARM.Collect$$$$0000000B                 0x080000c8   Section        8  entry9a.o(.ARM.Collect$$$$0000000B)
    .ARM.Collect$$$$0000000D                 0x080000d0   Section        0  entry10a.o(.ARM.Collect$$$$0000000D)
    .ARM.Collect$$$$0000000F                 0x080000d0   Section        0  entry11a.o(.ARM.Collect$$$$0000000F)
    .ARM.Collect$$$$00002712                 0x080000d0   Section        4  entry2.o(.ARM.Collect$$$$00002712)
    __lit__00000000                          0x080000d0   Data           4  entry2.o(.ARM.Collect$$$$00002712)
    .text                                    0x080000d4   Section       28  startup_py32f030xx.o(.text)
    .text                                    0x080000f0   Section        0  uidiv.o(.text)
    .text                                    0x0800011c   Section        0  memcpya.o(.text)
    .text                                    0x08000140   Section        0  memseta.o(.text)
    .text                                    0x08000164   Section       36  init.o(.text)
    i.$Sub$$main                             0x08000188   Section        0  system_py32f0xx.o(i.$Sub$$main)
    i.APP_FlashOBProgram                     0x080001bc   Section        0  main.o(i.APP_FlashOBProgram)
    APP_FlashOBProgram                       0x080001bd   Thumb Code    50  main.o(i.APP_FlashOBProgram)
    i.Comp_Initial                           0x080001f0   Section        0  comp.o(i.Comp_Initial)
    i.EXTI2_3_IRQHandler                     0x08000234   Section        0  py32f0xx_it.o(i.EXTI2_3_IRQHandler)
    i.EXTI4_15_IRQHandler                    0x08000244   Section        0  py32f0xx_it.o(i.EXTI4_15_IRQHandler)
    i.Error_Handler                          0x08000250   Section        0  main.o(i.Error_Handler)
    i.FLASH_OB_GetRDP                        0x08000254   Section        0  py32f0xx_hal_flash.o(i.FLASH_OB_GetRDP)
    FLASH_OB_GetRDP                          0x08000255   Thumb Code    18  py32f0xx_hal_flash.o(i.FLASH_OB_GetRDP)
    i.FLASH_OB_GetUser                       0x0800026c   Section        0  py32f0xx_hal_flash.o(i.FLASH_OB_GetUser)
    FLASH_OB_GetUser                         0x0800026d   Thumb Code    18  py32f0xx_hal_flash.o(i.FLASH_OB_GetUser)
    i.FLASH_OB_OptrConfig                    0x08000284   Section        0  py32f0xx_hal_flash.o(i.FLASH_OB_OptrConfig)
    FLASH_OB_OptrConfig                      0x08000285   Thumb Code    28  py32f0xx_hal_flash.o(i.FLASH_OB_OptrConfig)
    i.FLASH_WaitForLastOperation             0x080002a4   Section        0  py32f0xx_hal_flash.o(i.FLASH_WaitForLastOperation)
    i.GPIO_INITIAL                           0x080002e0   Section        0  gpio.o(i.GPIO_INITIAL)
    i.HAL_COMP_Init                          0x080003c0   Section        0  py32f0xx_hal_comp.o(i.HAL_COMP_Init)
    i.HAL_COMP_MspInit                       0x08000604   Section        0  py32f0xx_hal_msp.o(i.HAL_COMP_MspInit)
    i.HAL_COMP_Start                         0x08000684   Section        0  py32f0xx_hal_comp.o(i.HAL_COMP_Start)
    i.HAL_COMP_Stop                          0x080006f0   Section        0  py32f0xx_hal_comp.o(i.HAL_COMP_Stop)
    i.HAL_FLASH_Lock                         0x08000730   Section        0  py32f0xx_hal_flash.o(i.HAL_FLASH_Lock)
    i.HAL_FLASH_OBProgram                    0x08000754   Section        0  py32f0xx_hal_flash.o(i.HAL_FLASH_OBProgram)
    i.HAL_FLASH_OB_Launch                    0x0800096c   Section        0  py32f0xx_hal_flash.o(i.HAL_FLASH_OB_Launch)
    i.HAL_FLASH_OB_Lock                      0x08000984   Section        0  py32f0xx_hal_flash.o(i.HAL_FLASH_OB_Lock)
    i.HAL_FLASH_OB_Unlock                    0x080009a8   Section        0  py32f0xx_hal_flash.o(i.HAL_FLASH_OB_Unlock)
    i.HAL_FLASH_Unlock                       0x080009dc   Section        0  py32f0xx_hal_flash.o(i.HAL_FLASH_Unlock)
    i.HAL_GPIO_EXTI_Callback                 0x08000a10   Section        0  py32f0xx_hal_gpio.o(i.HAL_GPIO_EXTI_Callback)
    i.HAL_GPIO_EXTI_IRQHandler               0x08000a14   Section        0  py32f0xx_hal_gpio.o(i.HAL_GPIO_EXTI_IRQHandler)
    i.HAL_GPIO_Init                          0x08000a34   Section        0  py32f0xx_hal_gpio.o(i.HAL_GPIO_Init)
    i.HAL_GPIO_ReadPin                       0x08000be8   Section        0  py32f0xx_hal_gpio.o(i.HAL_GPIO_ReadPin)
    i.HAL_GetTick                            0x08000bfc   Section        0  py32f0xx_hal.o(i.HAL_GetTick)
    i.HAL_IncTick                            0x08000c08   Section        0  py32f0xx_hal.o(i.HAL_IncTick)
    i.HAL_Init                               0x08000c20   Section        0  py32f0xx_hal.o(i.HAL_Init)
    i.HAL_InitTick                           0x08000c3c   Section        0  py32f0xx_hal.o(i.HAL_InitTick)
    i.HAL_MspInit                            0x08000c9c   Section        0  py32f0xx_hal_msp.o(i.HAL_MspInit)
    i.HAL_NVIC_SetPriority                   0x08000ce0   Section        0  py32f0xx_hal_cortex.o(i.HAL_NVIC_SetPriority)
    i.HAL_PWR_PVD_Callback                   0x08000cf2   Section        0  py32f0xx_hal_pwr.o(i.HAL_PWR_PVD_Callback)
    i.HAL_PWR_PVD_IRQHandler                 0x08000cf4   Section        0  py32f0xx_hal_pwr.o(i.HAL_PWR_PVD_IRQHandler)
    i.HAL_RCC_ClockConfig                    0x08000d14   Section        0  py32f0xx_hal_rcc.o(i.HAL_RCC_ClockConfig)
    i.HAL_RCC_GetHCLKFreq                    0x08000ee8   Section        0  py32f0xx_hal_rcc.o(i.HAL_RCC_GetHCLKFreq)
    i.HAL_RCC_GetSysClockFreq                0x08000ef4   Section        0  py32f0xx_hal_rcc.o(i.HAL_RCC_GetSysClockFreq)
    i.HAL_RCC_OscConfig                      0x08000fcc   Section        0  py32f0xx_hal_rcc.o(i.HAL_RCC_OscConfig)
    i.HAL_SYSTICK_CLKSourceConfig            0x080015a0   Section        0  py32f0xx_hal_cortex.o(i.HAL_SYSTICK_CLKSourceConfig)
    i.HAL_SYSTICK_Config                     0x080015c4   Section        0  py32f0xx_hal_cortex.o(i.HAL_SYSTICK_Config)
    i.HAL_TIM_PWM_ConfigChannel              0x080015fc   Section        0  py32f0xx_hal_tim.o(i.HAL_TIM_PWM_ConfigChannel)
    i.HAL_TIM_PWM_Init                       0x0800170e   Section        0  py32f0xx_hal_tim.o(i.HAL_TIM_PWM_Init)
    i.HAL_TIM_PWM_MspInit                    0x08001746   Section        0  py32f0xx_hal_tim.o(i.HAL_TIM_PWM_MspInit)
    i.HardFault_Handler                      0x08001748   Section        0  py32f0xx_it.o(i.HardFault_Handler)
    i.Key_Flag_Out_Scan                      0x0800174c   Section        0  key.o(i.Key_Flag_Out_Scan)
    i.Key_Reload_Long                        0x08001798   Section        0  key.o(i.Key_Reload_Long)
    i.LL_EXTI_ClearFlag                      0x080017f8   Section        0  py32f0xx_hal_comp.o(i.LL_EXTI_ClearFlag)
    LL_EXTI_ClearFlag                        0x080017f9   Thumb Code     6  py32f0xx_hal_comp.o(i.LL_EXTI_ClearFlag)
    i.LL_EXTI_DisableEvent                   0x08001804   Section        0  py32f0xx_hal_comp.o(i.LL_EXTI_DisableEvent)
    LL_EXTI_DisableEvent                     0x08001805   Thumb Code    12  py32f0xx_hal_comp.o(i.LL_EXTI_DisableEvent)
    i.LL_EXTI_DisableIT                      0x08001814   Section        0  py32f0xx_hal_comp.o(i.LL_EXTI_DisableIT)
    LL_EXTI_DisableIT                        0x08001815   Thumb Code    12  py32f0xx_hal_comp.o(i.LL_EXTI_DisableIT)
    i.NMI_Handler                            0x08001824   Section        0  py32f0xx_it.o(i.NMI_Handler)
    i.NVIC_SetPriority                       0x08001828   Section        0  py32f0xx_hal_cortex.o(i.NVIC_SetPriority)
    NVIC_SetPriority                         0x08001829   Thumb Code   110  py32f0xx_hal_cortex.o(i.NVIC_SetPriority)
    i.PVD_IRQHandler                         0x080018a0   Section        0  py32f0xx_it.o(i.PVD_IRQHandler)
    i.PendSV_Handler                         0x080018a8   Section        0  py32f0xx_it.o(i.PendSV_Handler)
    i.RCC_GetHSIFreq                         0x080018ac   Section        0  py32f0xx_hal_rcc.o(i.RCC_GetHSIFreq)
    RCC_GetHSIFreq                           0x080018ad   Thumb Code    20  py32f0xx_hal_rcc.o(i.RCC_GetHSIFreq)
    i.SVC_Handler                            0x080018c8   Section        0  py32f0xx_it.o(i.SVC_Handler)
    i.SysTick_Handler                        0x080018cc   Section        0  py32f0xx_it.o(i.SysTick_Handler)
    i.SystemClockConfig                      0x080018f8   Section        0  initial.o(i.SystemClockConfig)
    i.SystemInit                             0x08001964   Section        0  system_py32f0xx.o(i.SystemInit)
    i.Systick_Initial                        0x08001990   Section        0  initial.o(i.Systick_Initial)
    i.TIM_Base_SetConfig                     0x080019b8   Section        0  py32f0xx_hal_tim.o(i.TIM_Base_SetConfig)
    i.TIM_OC1_SetConfig                      0x08001a48   Section        0  py32f0xx_hal_tim.o(i.TIM_OC1_SetConfig)
    TIM_OC1_SetConfig                        0x08001a49   Thumb Code   144  py32f0xx_hal_tim.o(i.TIM_OC1_SetConfig)
    i.TIM_OC2_SetConfig                      0x08001ae4   Section        0  py32f0xx_hal_tim.o(i.TIM_OC2_SetConfig)
    i.TIM_OC3_SetConfig                      0x08001b94   Section        0  py32f0xx_hal_tim.o(i.TIM_OC3_SetConfig)
    TIM_OC3_SetConfig                        0x08001b95   Thumb Code   158  py32f0xx_hal_tim.o(i.TIM_OC3_SetConfig)
    i.TIM_OC4_SetConfig                      0x08001c40   Section        0  py32f0xx_hal_tim.o(i.TIM_OC4_SetConfig)
    TIM_OC4_SetConfig                        0x08001c41   Thumb Code   106  py32f0xx_hal_tim.o(i.TIM_OC4_SetConfig)
    i.Timer3_Initial                         0x08001cb8   Section        0  initial.o(i.Timer3_Initial)
    i.__ARM_common_switch8                   0x08001d38   Section        0  gpio.o(i.__ARM_common_switch8)
    i.__scatterload_copy                     0x08001d54   Section       14  handlers.o(i.__scatterload_copy)
    i.__scatterload_null                     0x08001d62   Section        2  handlers.o(i.__scatterload_null)
    i.__scatterload_zeroinit                 0x08001d64   Section       14  handlers.o(i.__scatterload_zeroinit)
    i.main                                   0x08001d74   Section        0  main.o(i.main)
    .constdata                               0x08001e08   Section      128  system_py32f0xx.o(.constdata)
    .constdata                               0x08001e88   Section       32  py32f0xx_hal_flash.o(.constdata)
    .constdata                               0x08001ea8   Section       20  py32f0xx_hal_rcc.o(.constdata)
    .ARM.__at_0x20000000                     0x20000000   Section      192  system_py32f0xx.o(.ARM.__at_0x20000000)
    .data                                    0x200000c0   Section        4  system_py32f0xx.o(.data)
    .data                                    0x200000c4   Section        2  py32f0xx_it.o(.data)
    .data                                    0x200000c6   Section        1  key.o(.data)
    .data                                    0x200000c8   Section       12  py32f0xx_hal.o(.data)
    .bss                                     0x200000d4   Section       92  initial.o(.bss)
    .bss                                     0x20000130   Section       16  key.o(.bss)
    .bss                                     0x20000140   Section       44  comp.o(.bss)
    .bss                                     0x2000016c   Section       24  py32f0xx_hal_flash.o(.bss)
    STACK                                    0x20000188   Section     1024  startup_py32f030xx.o(STACK)

    Global Symbols

    Symbol Name                              Value     Ov Type        Size  Object(Section)

    BuildAttributes$$THM_ISAv3M$S$PE$A:L22$X:L11$S22$IEEE1$IW$USESV6$~STKCKD$USESV7$~SHL$OSPACE$EBA8$MICROLIB$REQ8$PRES8$EABIv2 0x00000000   Number         0  anon$$obj.o ABSOLUTE
    __ARM_use_no_argv                        0x00000000   Number         0  main.o ABSOLUTE
    __cpp_initialize__aeabi_                  - Undefined Weak Reference
    __cxa_finalize                            - Undefined Weak Reference
    __decompress                              - Undefined Weak Reference
    _clock_init                               - Undefined Weak Reference
    _microlib_exit                            - Undefined Weak Reference
    __Vectors_Size                           0x000000c0   Number         0  startup_py32f030xx.o ABSOLUTE
    __Vectors                                0x08000000   Data           4  startup_py32f030xx.o(RESET)
    __Vectors_End                            0x080000c0   Data           0  startup_py32f030xx.o(RESET)
    __main                                   0x080000c1   Thumb Code     0  entry.o(.ARM.Collect$$$$00000000)
    _main_stk                                0x080000c1   Thumb Code     0  entry2.o(.ARM.Collect$$$$00000001)
    _main_scatterload                        0x080000c5   Thumb Code     0  entry5.o(.ARM.Collect$$$$00000004)
    __main_after_scatterload                 0x080000c9   Thumb Code     0  entry5.o(.ARM.Collect$$$$00000004)
    _main_clock                              0x080000c9   Thumb Code     0  entry7b.o(.ARM.Collect$$$$00000008)
    _main_cpp_init                           0x080000c9   Thumb Code     0  entry8b.o(.ARM.Collect$$$$0000000A)
    _main_init                               0x080000c9   Thumb Code     0  entry9a.o(.ARM.Collect$$$$0000000B)
    __rt_final_cpp                           0x080000d1   Thumb Code     0  entry10a.o(.ARM.Collect$$$$0000000D)
    __rt_final_exit                          0x080000d1   Thumb Code     0  entry11a.o(.ARM.Collect$$$$0000000F)
    Reset_Handler                            0x080000d5   Thumb Code     8  startup_py32f030xx.o(.text)
    ADC_COMP_IRQHandler                      0x080000e7   Thumb Code     0  startup_py32f030xx.o(.text)
    DMA1_Channel1_IRQHandler                 0x080000e7   Thumb Code     0  startup_py32f030xx.o(.text)
    DMA1_Channel2_3_IRQHandler               0x080000e7   Thumb Code     0  startup_py32f030xx.o(.text)
    EXTI0_1_IRQHandler                       0x080000e7   Thumb Code     0  startup_py32f030xx.o(.text)
    FLASH_IRQHandler                         0x080000e7   Thumb Code     0  startup_py32f030xx.o(.text)
    I2C1_IRQHandler                          0x080000e7   Thumb Code     0  startup_py32f030xx.o(.text)
    LED_IRQHandler                           0x080000e7   Thumb Code     0  startup_py32f030xx.o(.text)
    LPTIM1_IRQHandler                        0x080000e7   Thumb Code     0  startup_py32f030xx.o(.text)
    RCC_IRQHandler                           0x080000e7   Thumb Code     0  startup_py32f030xx.o(.text)
    RTC_IRQHandler                           0x080000e7   Thumb Code     0  startup_py32f030xx.o(.text)
    SPI1_IRQHandler                          0x080000e7   Thumb Code     0  startup_py32f030xx.o(.text)
    SPI2_IRQHandler                          0x080000e7   Thumb Code     0  startup_py32f030xx.o(.text)
    TIM14_IRQHandler                         0x080000e7   Thumb Code     0  startup_py32f030xx.o(.text)
    TIM16_IRQHandler                         0x080000e7   Thumb Code     0  startup_py32f030xx.o(.text)
    TIM17_IRQHandler                         0x080000e7   Thumb Code     0  startup_py32f030xx.o(.text)
    TIM1_BRK_UP_TRG_COM_IRQHandler           0x080000e7   Thumb Code     0  startup_py32f030xx.o(.text)
    TIM1_CC_IRQHandler                       0x080000e7   Thumb Code     0  startup_py32f030xx.o(.text)
    TIM3_IRQHandler                          0x080000e7   Thumb Code     0  startup_py32f030xx.o(.text)
    USART1_IRQHandler                        0x080000e7   Thumb Code     0  startup_py32f030xx.o(.text)
    USART2_IRQHandler                        0x080000e7   Thumb Code     0  startup_py32f030xx.o(.text)
    WWDG_IRQHandler                          0x080000e7   Thumb Code     0  startup_py32f030xx.o(.text)
    __aeabi_uidiv                            0x080000f1   Thumb Code     0  uidiv.o(.text)
    __aeabi_uidivmod                         0x080000f1   Thumb Code    44  uidiv.o(.text)
    __aeabi_memcpy                           0x0800011d   Thumb Code    36  memcpya.o(.text)
    __aeabi_memcpy4                          0x0800011d   Thumb Code     0  memcpya.o(.text)
    __aeabi_memcpy8                          0x0800011d   Thumb Code     0  memcpya.o(.text)
    __aeabi_memset                           0x08000141   Thumb Code    14  memseta.o(.text)
    __aeabi_memset4                          0x08000141   Thumb Code     0  memseta.o(.text)
    __aeabi_memset8                          0x08000141   Thumb Code     0  memseta.o(.text)
    __aeabi_memclr                           0x0800014f   Thumb Code     4  memseta.o(.text)
    __aeabi_memclr4                          0x0800014f   Thumb Code     0  memseta.o(.text)
    __aeabi_memclr8                          0x0800014f   Thumb Code     0  memseta.o(.text)
    _memset$wrapper                          0x08000153   Thumb Code    18  memseta.o(.text)
    __scatterload                            0x08000165   Thumb Code    28  init.o(.text)
    __scatterload_rt2                        0x08000165   Thumb Code     0  init.o(.text)
    main                                     0x08000189   Thumb Code    44  system_py32f0xx.o(i.$Sub$$main)
    Comp_Initial                             0x080001f1   Thumb Code    60  comp.o(i.Comp_Initial)
    EXTI2_3_IRQHandler                       0x08000235   Thumb Code    16  py32f0xx_it.o(i.EXTI2_3_IRQHandler)
    EXTI4_15_IRQHandler                      0x08000245   Thumb Code    12  py32f0xx_it.o(i.EXTI4_15_IRQHandler)
    Error_Handler                            0x08000251   Thumb Code     4  main.o(i.Error_Handler)
    FLASH_WaitForLastOperation               0x080002a5   Thumb Code    50  py32f0xx_hal_flash.o(i.FLASH_WaitForLastOperation)
    GPIO_INITIAL                             0x080002e1   Thumb Code   218  gpio.o(i.GPIO_INITIAL)
    HAL_COMP_Init                            0x080003c1   Thumb Code   560  py32f0xx_hal_comp.o(i.HAL_COMP_Init)
    HAL_COMP_MspInit                         0x08000605   Thumb Code   124  py32f0xx_hal_msp.o(i.HAL_COMP_MspInit)
    HAL_COMP_Start                           0x08000685   Thumb Code   100  py32f0xx_hal_comp.o(i.HAL_COMP_Start)
    HAL_COMP_Stop                            0x080006f1   Thumb Code    64  py32f0xx_hal_comp.o(i.HAL_COMP_Stop)
    HAL_FLASH_Lock                           0x08000731   Thumb Code    30  py32f0xx_hal_flash.o(i.HAL_FLASH_Lock)
    HAL_FLASH_OBProgram                      0x08000755   Thumb Code   514  py32f0xx_hal_flash.o(i.HAL_FLASH_OBProgram)
    HAL_FLASH_OB_Launch                      0x0800096d   Thumb Code    18  py32f0xx_hal_flash.o(i.HAL_FLASH_OB_Launch)
    HAL_FLASH_OB_Lock                        0x08000985   Thumb Code    30  py32f0xx_hal_flash.o(i.HAL_FLASH_OB_Lock)
    HAL_FLASH_OB_Unlock                      0x080009a9   Thumb Code    40  py32f0xx_hal_flash.o(i.HAL_FLASH_OB_Unlock)
    HAL_FLASH_Unlock                         0x080009dd   Thumb Code    40  py32f0xx_hal_flash.o(i.HAL_FLASH_Unlock)
    HAL_GPIO_EXTI_Callback                   0x08000a11   Thumb Code     2  py32f0xx_hal_gpio.o(i.HAL_GPIO_EXTI_Callback)
    HAL_GPIO_EXTI_IRQHandler                 0x08000a15   Thumb Code    26  py32f0xx_hal_gpio.o(i.HAL_GPIO_EXTI_IRQHandler)
    HAL_GPIO_Init                            0x08000a35   Thumb Code   428  py32f0xx_hal_gpio.o(i.HAL_GPIO_Init)
    HAL_GPIO_ReadPin                         0x08000be9   Thumb Code    18  py32f0xx_hal_gpio.o(i.HAL_GPIO_ReadPin)
    HAL_GetTick                              0x08000bfd   Thumb Code     6  py32f0xx_hal.o(i.HAL_GetTick)
    HAL_IncTick                              0x08000c09   Thumb Code    16  py32f0xx_hal.o(i.HAL_IncTick)
    HAL_Init                                 0x08000c21   Thumb Code    26  py32f0xx_hal.o(i.HAL_Init)
    HAL_InitTick                             0x08000c3d   Thumb Code    82  py32f0xx_hal.o(i.HAL_InitTick)
    HAL_MspInit                              0x08000c9d   Thumb Code    64  py32f0xx_hal_msp.o(i.HAL_MspInit)
    HAL_NVIC_SetPriority                     0x08000ce1   Thumb Code    18  py32f0xx_hal_cortex.o(i.HAL_NVIC_SetPriority)
    HAL_PWR_PVD_Callback                     0x08000cf3   Thumb Code     2  py32f0xx_hal_pwr.o(i.HAL_PWR_PVD_Callback)
    HAL_PWR_PVD_IRQHandler                   0x08000cf5   Thumb Code    28  py32f0xx_hal_pwr.o(i.HAL_PWR_PVD_IRQHandler)
    HAL_RCC_ClockConfig                      0x08000d15   Thumb Code   442  py32f0xx_hal_rcc.o(i.HAL_RCC_ClockConfig)
    HAL_RCC_GetHCLKFreq                      0x08000ee9   Thumb Code     6  py32f0xx_hal_rcc.o(i.HAL_RCC_GetHCLKFreq)
    HAL_RCC_GetSysClockFreq                  0x08000ef5   Thumb Code   200  py32f0xx_hal_rcc.o(i.HAL_RCC_GetSysClockFreq)
    HAL_RCC_OscConfig                        0x08000fcd   Thumb Code  1480  py32f0xx_hal_rcc.o(i.HAL_RCC_OscConfig)
    HAL_SYSTICK_CLKSourceConfig              0x080015a1   Thumb Code    32  py32f0xx_hal_cortex.o(i.HAL_SYSTICK_CLKSourceConfig)
    HAL_SYSTICK_Config                       0x080015c5   Thumb Code    46  py32f0xx_hal_cortex.o(i.HAL_SYSTICK_Config)
    HAL_TIM_PWM_ConfigChannel                0x080015fd   Thumb Code   274  py32f0xx_hal_tim.o(i.HAL_TIM_PWM_ConfigChannel)
    HAL_TIM_PWM_Init                         0x0800170f   Thumb Code    56  py32f0xx_hal_tim.o(i.HAL_TIM_PWM_Init)
    HAL_TIM_PWM_MspInit                      0x08001747   Thumb Code     2  py32f0xx_hal_tim.o(i.HAL_TIM_PWM_MspInit)
    HardFault_Handler                        0x08001749   Thumb Code     4  py32f0xx_it.o(i.HardFault_Handler)
    Key_Flag_Out_Scan                        0x0800174d   Thumb Code    62  key.o(i.Key_Flag_Out_Scan)
    Key_Reload_Long                          0x08001799   Thumb Code    94  key.o(i.Key_Reload_Long)
    NMI_Handler                              0x08001825   Thumb Code     2  py32f0xx_it.o(i.NMI_Handler)
    PVD_IRQHandler                           0x080018a1   Thumb Code     8  py32f0xx_it.o(i.PVD_IRQHandler)
    PendSV_Handler                           0x080018a9   Thumb Code     2  py32f0xx_it.o(i.PendSV_Handler)
    SVC_Handler                              0x080018c9   Thumb Code     2  py32f0xx_it.o(i.SVC_Handler)
    SysTick_Handler                          0x080018cd   Thumb Code    36  py32f0xx_it.o(i.SysTick_Handler)
    SystemClockConfig                        0x080018f9   Thumb Code   104  initial.o(i.SystemClockConfig)
    SystemInit                               0x08001965   Thumb Code    32  system_py32f0xx.o(i.SystemInit)
    Systick_Initial                          0x08001991   Thumb Code    40  initial.o(i.Systick_Initial)
    TIM_Base_SetConfig                       0x080019b9   Thumb Code   122  py32f0xx_hal_tim.o(i.TIM_Base_SetConfig)
    TIM_OC2_SetConfig                        0x08001ae5   Thumb Code   162  py32f0xx_hal_tim.o(i.TIM_OC2_SetConfig)
    Timer3_Initial                           0x08001cb9   Thumb Code   112  initial.o(i.Timer3_Initial)
    __ARM_common_switch8                     0x08001d39   Thumb Code    28  gpio.o(i.__ARM_common_switch8)
    __scatterload_copy                       0x08001d55   Thumb Code    14  handlers.o(i.__scatterload_copy)
    __scatterload_null                       0x08001d63   Thumb Code     2  handlers.o(i.__scatterload_null)
    __scatterload_zeroinit                   0x08001d65   Thumb Code    14  handlers.o(i.__scatterload_zeroinit)
    $Super$$main                             0x08001d75   Thumb Code   134  main.o(i.main)
    AHBPrescTable                            0x08001e08   Data          64  system_py32f0xx.o(.constdata)
    APBPrescTable                            0x08001e48   Data          32  system_py32f0xx.o(.constdata)
    HSIFreqTable                             0x08001e68   Data          32  system_py32f0xx.o(.constdata)
    _FlashTimmingParam                       0x08001e88   Data          32  py32f0xx_hal_flash.o(.constdata)
    Region$$Table$$Base                      0x08001ebc   Number         0  anon$$obj.o(Region$$Table)
    Region$$Table$$Limit                     0x08001edc   Number         0  anon$$obj.o(Region$$Table)
    VECT_SRAM_TAB                            0x20000000   Data         192  system_py32f0xx.o(.ARM.__at_0x20000000)
    SystemCoreClock                          0x200000c0   Data           4  system_py32f0xx.o(.data)
    timer_5ms_count                          0x200000c4   Data           1  py32f0xx_it.o(.data)
    timer_5ms_flag                           0x200000c5   Data           1  py32f0xx_it.o(.data)
    step                                     0x200000c6   Data           1  key.o(.data)
    uwTick                                   0x200000c8   Data           4  py32f0xx_hal.o(.data)
    uwTickPrio                               0x200000cc   Data           4  py32f0xx_hal.o(.data)
    uwTickFreq                               0x200000d0   Data           4  py32f0xx_hal.o(.data)
    TIM3Handle                               0x200000d4   Data          64  initial.o(.bss)
    TIM3Config                               0x20000114   Data          28  initial.o(.bss)
    key_power                                0x20000130   Data          16  key.o(.bss)
    hcomp                                    0x20000140   Data          44  comp.o(.bss)
    pFlash                                   0x2000016c   Data          24  py32f0xx_hal_flash.o(.bss)
    __initial_sp                             0x20000588   Data           0  startup_py32f030xx.o(STACK)



==============================================================================

Memory Map of the image

  Image Entry point : 0x080000c1

  Load Region LR_IROM1 (Base: 0x08000000, Size: 0x00001fb0, Max: 0x00010000, ABSOLUTE)

    Execution Region ER_IROM1 (Base: 0x08000000, Size: 0x00001edc, Max: 0x00010000, ABSOLUTE)

    Base Addr    Size         Type   Attr      Idx    E Section Name        Object

    0x08000000   0x000000c0   Data   RO            3    RESET               startup_py32f030xx.o
    0x080000c0   0x00000000   Code   RO         2466  * .ARM.Collect$$$$00000000  mc_p.l(entry.o)
    0x080000c0   0x00000004   Code   RO         2477    .ARM.Collect$$$$00000001  mc_p.l(entry2.o)
    0x080000c4   0x00000004   Code   RO         2480    .ARM.Collect$$$$00000004  mc_p.l(entry5.o)
    0x080000c8   0x00000000   Code   RO         2482    .ARM.Collect$$$$00000008  mc_p.l(entry7b.o)
    0x080000c8   0x00000000   Code   RO         2484    .ARM.Collect$$$$0000000A  mc_p.l(entry8b.o)
    0x080000c8   0x00000008   Code   RO         2485    .ARM.Collect$$$$0000000B  mc_p.l(entry9a.o)
    0x080000d0   0x00000000   Code   RO         2487    .ARM.Collect$$$$0000000D  mc_p.l(entry10a.o)
    0x080000d0   0x00000000   Code   RO         2489    .ARM.Collect$$$$0000000F  mc_p.l(entry11a.o)
    0x080000d0   0x00000004   Code   RO         2478    .ARM.Collect$$$$00002712  mc_p.l(entry2.o)
    0x080000d4   0x0000001c   Code   RO            4    .text               startup_py32f030xx.o
    0x080000f0   0x0000002c   Code   RO         2469    .text               mc_p.l(uidiv.o)
    0x0800011c   0x00000024   Code   RO         2471    .text               mc_p.l(memcpya.o)
    0x08000140   0x00000024   Code   RO         2473    .text               mc_p.l(memseta.o)
    0x08000164   0x00000024   Code   RO         2491    .text               mc_p.l(init.o)
    0x08000188   0x00000034   Code   RO           12    i.$Sub$$main        system_py32f0xx.o
    0x080001bc   0x00000032   Code   RO          134    i.APP_FlashOBProgram  main.o
    0x080001ee   0x00000002   PAD
    0x080001f0   0x00000044   Code   RO          387    i.Comp_Initial      comp.o
    0x08000234   0x00000010   Code   RO          283    i.EXTI2_3_IRQHandler  py32f0xx_it.o
    0x08000244   0x0000000c   Code   RO          284    i.EXTI4_15_IRQHandler  py32f0xx_it.o
    0x08000250   0x00000004   Code   RO          135    i.Error_Handler     main.o
    0x08000254   0x00000018   Code   RO          756    i.FLASH_OB_GetRDP   py32f0xx_hal_flash.o
    0x0800026c   0x00000018   Code   RO          757    i.FLASH_OB_GetUser  py32f0xx_hal_flash.o
    0x08000284   0x00000020   Code   RO          758    i.FLASH_OB_OptrConfig  py32f0xx_hal_flash.o
    0x080002a4   0x0000003c   Code   RO          762    i.FLASH_WaitForLastOperation  py32f0xx_hal_flash.o
    0x080002e0   0x000000e0   Code   RO          261    i.GPIO_INITIAL      gpio.o
    0x080003c0   0x00000244   Code   RO         2369    i.HAL_COMP_Init     py32f0xx_hal_comp.o
    0x08000604   0x00000080   Code   RO          235    i.HAL_COMP_MspInit  py32f0xx_hal_msp.o
    0x08000684   0x0000006c   Code   RO         2373    i.HAL_COMP_Start    py32f0xx_hal_comp.o
    0x080006f0   0x00000040   Code   RO         2374    i.HAL_COMP_Stop     py32f0xx_hal_comp.o
    0x08000730   0x00000024   Code   RO          768    i.HAL_FLASH_Lock    py32f0xx_hal_flash.o
    0x08000754   0x00000218   Code   RO          770    i.HAL_FLASH_OBProgram  py32f0xx_hal_flash.o
    0x0800096c   0x00000018   Code   RO          771    i.HAL_FLASH_OB_Launch  py32f0xx_hal_flash.o
    0x08000984   0x00000024   Code   RO          772    i.HAL_FLASH_OB_Lock  py32f0xx_hal_flash.o
    0x080009a8   0x00000034   Code   RO          774    i.HAL_FLASH_OB_Unlock  py32f0xx_hal_flash.o
    0x080009dc   0x00000034   Code   RO          780    i.HAL_FLASH_Unlock  py32f0xx_hal_flash.o
    0x08000a10   0x00000002   Code   RO          929    i.HAL_GPIO_EXTI_Callback  py32f0xx_hal_gpio.o
    0x08000a12   0x00000002   PAD
    0x08000a14   0x00000020   Code   RO          930    i.HAL_GPIO_EXTI_IRQHandler  py32f0xx_hal_gpio.o
    0x08000a34   0x000001b4   Code   RO          931    i.HAL_GPIO_Init     py32f0xx_hal_gpio.o
    0x08000be8   0x00000012   Code   RO          933    i.HAL_GPIO_ReadPin  py32f0xx_hal_gpio.o
    0x08000bfa   0x00000002   PAD
    0x08000bfc   0x0000000c   Code   RO          420    i.HAL_GetTick       py32f0xx_hal.o
    0x08000c08   0x00000018   Code   RO          426    i.HAL_IncTick       py32f0xx_hal.o
    0x08000c20   0x0000001a   Code   RO          427    i.HAL_Init          py32f0xx_hal.o
    0x08000c3a   0x00000002   PAD
    0x08000c3c   0x00000060   Code   RO          428    i.HAL_InitTick      py32f0xx_hal.o
    0x08000c9c   0x00000044   Code   RO          236    i.HAL_MspInit       py32f0xx_hal_msp.o
    0x08000ce0   0x00000012   Code   RO          599    i.HAL_NVIC_SetPriority  py32f0xx_hal_cortex.o
    0x08000cf2   0x00000002   Code   RO         1018    i.HAL_PWR_PVD_Callback  py32f0xx_hal_pwr.o
    0x08000cf4   0x00000020   Code   RO         1019    i.HAL_PWR_PVD_IRQHandler  py32f0xx_hal_pwr.o
    0x08000d14   0x000001d4   Code   RO         1115    i.HAL_RCC_ClockConfig  py32f0xx_hal_rcc.o
    0x08000ee8   0x0000000c   Code   RO         1121    i.HAL_RCC_GetHCLKFreq  py32f0xx_hal_rcc.o
    0x08000ef4   0x000000d8   Code   RO         1124    i.HAL_RCC_GetSysClockFreq  py32f0xx_hal_rcc.o
    0x08000fcc   0x000005d4   Code   RO         1128    i.HAL_RCC_OscConfig  py32f0xx_hal_rcc.o
    0x080015a0   0x00000024   Code   RO          601    i.HAL_SYSTICK_CLKSourceConfig  py32f0xx_hal_cortex.o
    0x080015c4   0x00000038   Code   RO          603    i.HAL_SYSTICK_Config  py32f0xx_hal_cortex.o
    0x080015fc   0x00000112   Code   RO         1339    i.HAL_TIM_PWM_ConfigChannel  py32f0xx_hal_tim.o
    0x0800170e   0x00000038   Code   RO         1342    i.HAL_TIM_PWM_Init  py32f0xx_hal_tim.o
    0x08001746   0x00000002   Code   RO         1344    i.HAL_TIM_PWM_MspInit  py32f0xx_hal_tim.o
    0x08001748   0x00000004   Code   RO          285    i.HardFault_Handler  py32f0xx_it.o
    0x0800174c   0x0000004c   Code   RO          354    i.Key_Flag_Out_Scan  key.o
    0x08001798   0x0000005e   Code   RO          355    i.Key_Reload_Long   key.o
    0x080017f6   0x00000002   PAD
    0x080017f8   0x0000000c   Code   RO         2376    i.LL_EXTI_ClearFlag  py32f0xx_hal_comp.o
    0x08001804   0x00000010   Code   RO         2377    i.LL_EXTI_DisableEvent  py32f0xx_hal_comp.o
    0x08001814   0x00000010   Code   RO         2378    i.LL_EXTI_DisableIT  py32f0xx_hal_comp.o
    0x08001824   0x00000002   Code   RO          286    i.NMI_Handler       py32f0xx_it.o
    0x08001826   0x00000002   PAD
    0x08001828   0x00000078   Code   RO          605    i.NVIC_SetPriority  py32f0xx_hal_cortex.o
    0x080018a0   0x00000008   Code   RO          287    i.PVD_IRQHandler    py32f0xx_it.o
    0x080018a8   0x00000002   Code   RO          288    i.PendSV_Handler    py32f0xx_it.o
    0x080018aa   0x00000002   PAD
    0x080018ac   0x0000001c   Code   RO         1129    i.RCC_GetHSIFreq    py32f0xx_hal_rcc.o
    0x080018c8   0x00000002   Code   RO          289    i.SVC_Handler       py32f0xx_it.o
    0x080018ca   0x00000002   PAD
    0x080018cc   0x0000002c   Code   RO          290    i.SysTick_Handler   py32f0xx_it.o
    0x080018f8   0x0000006c   Code   RO          192    i.SystemClockConfig  initial.o
    0x08001964   0x0000002c   Code   RO           14    i.SystemInit        system_py32f0xx.o
    0x08001990   0x00000028   Code   RO          193    i.Systick_Initial   initial.o
    0x080019b8   0x00000090   Code   RO         1360    i.TIM_Base_SetConfig  py32f0xx_hal_tim.o
    0x08001a48   0x0000009c   Code   RO         1373    i.TIM_OC1_SetConfig  py32f0xx_hal_tim.o
    0x08001ae4   0x000000b0   Code   RO         1374    i.TIM_OC2_SetConfig  py32f0xx_hal_tim.o
    0x08001b94   0x000000ac   Code   RO         1375    i.TIM_OC3_SetConfig  py32f0xx_hal_tim.o
    0x08001c40   0x00000078   Code   RO         1376    i.TIM_OC4_SetConfig  py32f0xx_hal_tim.o
    0x08001cb8   0x00000080   Code   RO          194    i.Timer3_Initial    initial.o
    0x08001d38   0x0000001c   Code   RO          276    i.__ARM_common_switch8  gpio.o
    0x08001d54   0x0000000e   Code   RO         2495    i.__scatterload_copy  mc_p.l(handlers.o)
    0x08001d62   0x00000002   Code   RO         2496    i.__scatterload_null  mc_p.l(handlers.o)
    0x08001d64   0x0000000e   Code   RO         2497    i.__scatterload_zeroinit  mc_p.l(handlers.o)
    0x08001d72   0x00000002   PAD
    0x08001d74   0x00000094   Code   RO          136    i.main              main.o
    0x08001e08   0x00000080   Data   RO           16    .constdata          system_py32f0xx.o
    0x08001e88   0x00000020   Data   RO          782    .constdata          py32f0xx_hal_flash.o
    0x08001ea8   0x00000014   Data   RO         1130    .constdata          py32f0xx_hal_rcc.o
    0x08001ebc   0x00000020   Data   RO         2493    Region$$Table       anon$$obj.o


    Execution Region RW_IRAM1 (Base: 0x20000000, Size: 0x00000588, Max: 0x00002000, ABSOLUTE)

    Base Addr    Size         Type   Attr      Idx    E Section Name        Object

    0x20000000   0x000000c0   Data   RW           15    .ARM.__at_0x20000000  system_py32f0xx.o
    0x200000c0   0x00000004   Data   RW           17    .data               system_py32f0xx.o
    0x200000c4   0x00000002   Data   RW          291    .data               py32f0xx_it.o
    0x200000c6   0x00000001   Data   RW          357    .data               key.o
    0x200000c7   0x00000001   PAD
    0x200000c8   0x0000000c   Data   RW          435    .data               py32f0xx_hal.o
    0x200000d4   0x0000005c   Zero   RW          195    .bss                initial.o
    0x20000130   0x00000010   Zero   RW          356    .bss                key.o
    0x20000140   0x0000002c   Zero   RW          388    .bss                comp.o
    0x2000016c   0x00000018   Zero   RW          781    .bss                py32f0xx_hal_flash.o
    0x20000184   0x00000004   PAD
    0x20000188   0x00000400   Zero   RW            1    STACK               startup_py32f030xx.o


==============================================================================

Image component sizes


      Code (inc. data)   RO Data    RW Data    ZI Data      Debug   Object Name

        68          8          0          0         44        715   comp.o
       252         14          0          0          0       1243   gpio.o
       276         20          0          0         92       2195   initial.o
       170         14          0          1         16       2543   key.o
       202         14          0          0          0       2231   main.o
       158         28          0         12          0       3285   py32f0xx_hal.o
       796         42          0          0          0       8329   py32f0xx_hal_comp.o
       230         24          0          0          0       9182   py32f0xx_hal_cortex.o
       876         90         32          0         24      16655   py32f0xx_hal_flash.o
       488         14          0          0          0       3431   py32f0xx_hal_gpio.o
       196          8          0          0          0       1529   py32f0xx_hal_msp.o
        34          4          0          0          0       1064   py32f0xx_hal_pwr.o
      2216         88         20          0          0       5506   py32f0xx_hal_rcc.o
      1100         76          0          0          0       6162   py32f0xx_hal_tim.o
        90          8          0          2          0       3920   py32f0xx_it.o
        28          8        192          0       1024        644   startup_py32f030xx.o
        96         20        128        196          0     256884   system_py32f0xx.o

    ----------------------------------------------------------------------
      7292        480        404        212       1204     325518   Object Totals
         0          0         32          0          0          0   (incl. Generated)
        16          0          0          1          4          0   (incl. Padding)

    ----------------------------------------------------------------------

      Code (inc. data)   RO Data    RW Data    ZI Data      Debug   Library Member Name

         0          0          0          0          0          0   entry.o
         0          0          0          0          0          0   entry10a.o
         0          0          0          0          0          0   entry11a.o
         8          4          0          0          0          0   entry2.o
         4          0          0          0          0          0   entry5.o
         0          0          0          0          0          0   entry7b.o
         0          0          0          0          0          0   entry8b.o
         8          4          0          0          0          0   entry9a.o
        30          0          0          0          0          0   handlers.o
        36          8          0          0          0         68   init.o
        36          0          0          0          0         60   memcpya.o
        36          0          0          0          0        100   memseta.o
        44          0          0          0          0         72   uidiv.o

    ----------------------------------------------------------------------
       204         16          0          0          0        300   Library Totals
         2          0          0          0          0          0   (incl. Padding)

    ----------------------------------------------------------------------

      Code (inc. data)   RO Data    RW Data    ZI Data      Debug   Library Name

       202         16          0          0          0        300   mc_p.l

    ----------------------------------------------------------------------
       204         16          0          0          0        300   Library Totals

    ----------------------------------------------------------------------

==============================================================================


      Code (inc. data)   RO Data    RW Data    ZI Data      Debug   

      7496        496        404        212       1204     323242   Grand Totals
      7496        496        404        212       1204     323242   ELF Image Totals
      7496        496        404        212          0          0   ROM Totals

==============================================================================

    Total RO  Size (Code + RO Data)                 7900 (   7.71kB)
    Total RW  Size (RW Data + ZI Data)              1416 (   1.38kB)
    Total ROM Size (Code + RO Data + RW Data)       8112 (   7.92kB)

==============================================================================

