<html>
<body>
<pre>
<h1>礦ision Build Log</h1>
<h2>Tool Versions:</h2>
IDE-Version: μVision V5.18.0.0
Copyright (C) 2016 ARM Ltd and ARM Germany GmbH. All rights reserved.
License Information: ad ad, ad, LIC=KRMW3-AUP4M-X7PRZ-JJS7Q-D3AT8-P9MFE
 
Tool Versions:
Toolchain:       MDK-ARM Standard  Version: 5.18
Toolchain Path:  C:\Keil_v5\ARM\ARMCC\Bin
C Compiler:      Armcc.exe V5.06 update 1 (build 61)
Assembler:       Armasm.exe V5.06 update 1 (build 61)
Linker/Locator:  ArmLink.exe V5.06 update 1 (build 61)
Library Manager: ArmAr.exe V5.06 update 1 (build 61)
Hex Converter:   FromElf.exe V5.06 update 1 (build 61)
CPU DLL:         SARMCM3.DLL V5.18
Dialog DLL:      DARMCM1.DLL V1.12.0.0
Target DLL:      CMSIS_AGDI.dll V1.25.7.0
Dialog DLL:      TARMCM1.DLL V1.9.0.0
 
<h2>Project:</h2>
D:\SHENGYANG_NAS\A级客户\Boost\1、程序资料\BOOST-PY32F030-LQFP32-V1-0\MDK-ARM\Project.uvprojx
Project File Date:  06/24/2024

<h2>Output:</h2>
*** Using Compiler 'V5.06 update 1 (build 61)', folder: 'C:\Keil_v5\ARM\ARMCC\Bin'
Rebuild target 'PY32F030x8_Project'
assembling startup_py32f030xx.s...
compiling py32f0xx_hal_adc_ex.c...
compiling key.c...
compiling py32f0xx_hal_adc.c...
compiling py32f0xx_it.c...
compiling Initial.c...
compiling main.c...
compiling py32f0xx_hal_msp.c...
compiling system_py32f0xx.c...
compiling py32f0xx_hal_cortex.c...
compiling py32f0xx_hal.c...
compiling gpio.c...
compiling py32f0xx_hal_exti.c...
compiling py32f0xx_hal_led.c...
compiling py32f0xx_hal_gpio.c...
compiling py32f0xx_hal_crc.c...
compiling py32f0xx_hal_dma.c...
compiling py32f0xx_hal_rcc_ex.c...
compiling py32f0xx_hal_pwr.c...
compiling py32f0xx_hal_flash.c...
compiling py32f0xx_hal_tim_ex.c...
compiling py32f0xx_hal_rcc.c...
compiling py32f0xx_hal_tim.c...
linking...
Program Size: Code=6864 RO-data=404 RW-data=212 ZI-data=1156  
FromELF: creating hex file...
".\Objects\Project.axf" - 0 Error(s), 0 Warning(s).

<h2>Software Packages used:</h2>

Package Vendor: ARM
                http://www.keil.com/pack/ARM.CMSIS.4.5.0.pack
                ARM::CMSIS:CORE:4.3.0
                CMSIS (Cortex Microcontroller Software Interface Standard)
   * Component: CORE Version: 4.3.0

<h2>Collection of Component include folders:</h2>
  D:\SHENGYANG_NAS\A级客户\Boost\1、程序资料\BOOST-PY32F030-LQFP32-V1-0\MDK-ARM\RTE
  C:\Keil_v5\ARM\PACK\ARM\CMSIS\4.5.0\CMSIS\Include
  C:\Keil_v5\ARM\PACK\Puya\PY32F0xx_DFP\1.1.7\Device\Include

<h2>Collection of Component Files used:</h2>

   * Component: ARM::CMSIS:CORE:4.3.0
Build Time Elapsed:  00:00:04
</pre>
</body>
</html>
