<!doctype html public "-//w3c//dtd html 4.0 transitional//en">
<html><head>
<title>Static Call Graph - [.\Objects\Project.axf]</title></head>
<body><HR>
<H1>Static Call Graph for image .\Objects\Project.axf</H1><HR>
<BR><P>#&#060CALLGRAPH&#062# ARM Linker, 5060061: Last Updated: Mon Jun 24 18:58:51 2024
<BR><P>
<H3>Maximum Stack Usage =        164 bytes + Unknown(Cycles, Untraceable Function Pointers)</H3><H3>
Call chain for Maximum Stack Depth:</H3>
main &rArr; $Super$$main &rArr; SystemClockConfig &rArr; HAL_RCC_OscConfig &rArr; HAL_RCC_GetSysClockFreq &rArr; __aeabi_uidivmod
<P>
<H3>
Mutually Recursive functions
</H3> <LI><a href="#[10]">ADC_COMP_IRQHandler</a>&nbsp;&nbsp;&nbsp;&rArr;&nbsp;&nbsp;&nbsp;<a href="#[10]">ADC_COMP_IRQHandler</a><BR>
</UL>
<P>
<H3>
Function Pointers
</H3><UL>
 <LI><a href="#[10]">ADC_COMP_IRQHandler</a> from startup_py32f030xx.o(.text) referenced from startup_py32f030xx.o(RESET)
 <LI><a href="#[e]">DMA1_Channel1_IRQHandler</a> from startup_py32f030xx.o(.text) referenced from startup_py32f030xx.o(RESET)
 <LI><a href="#[f]">DMA1_Channel2_3_IRQHandler</a> from startup_py32f030xx.o(.text) referenced from startup_py32f030xx.o(RESET)
 <LI><a href="#[b]">EXTI0_1_IRQHandler</a> from startup_py32f030xx.o(.text) referenced from startup_py32f030xx.o(RESET)
 <LI><a href="#[c]">EXTI2_3_IRQHandler</a> from py32f0xx_it.o(i.EXTI2_3_IRQHandler) referenced from startup_py32f030xx.o(RESET)
 <LI><a href="#[d]">EXTI4_15_IRQHandler</a> from py32f0xx_it.o(i.EXTI4_15_IRQHandler) referenced from startup_py32f030xx.o(RESET)
 <LI><a href="#[9]">FLASH_IRQHandler</a> from startup_py32f030xx.o(.text) referenced from startup_py32f030xx.o(RESET)
 <LI><a href="#[2]">HardFault_Handler</a> from py32f0xx_it.o(i.HardFault_Handler) referenced from startup_py32f030xx.o(RESET)
 <LI><a href="#[18]">I2C1_IRQHandler</a> from startup_py32f030xx.o(.text) referenced from startup_py32f030xx.o(RESET)
 <LI><a href="#[1d]">LED_IRQHandler</a> from startup_py32f030xx.o(.text) referenced from startup_py32f030xx.o(RESET)
 <LI><a href="#[14]">LPTIM1_IRQHandler</a> from startup_py32f030xx.o(.text) referenced from startup_py32f030xx.o(RESET)
 <LI><a href="#[1]">NMI_Handler</a> from py32f0xx_it.o(i.NMI_Handler) referenced from startup_py32f030xx.o(RESET)
 <LI><a href="#[7]">PVD_IRQHandler</a> from py32f0xx_it.o(i.PVD_IRQHandler) referenced from startup_py32f030xx.o(RESET)
 <LI><a href="#[4]">PendSV_Handler</a> from py32f0xx_it.o(i.PendSV_Handler) referenced from startup_py32f030xx.o(RESET)
 <LI><a href="#[a]">RCC_IRQHandler</a> from startup_py32f030xx.o(.text) referenced from startup_py32f030xx.o(RESET)
 <LI><a href="#[8]">RTC_IRQHandler</a> from startup_py32f030xx.o(.text) referenced from startup_py32f030xx.o(RESET)
 <LI><a href="#[0]">Reset_Handler</a> from startup_py32f030xx.o(.text) referenced from startup_py32f030xx.o(RESET)
 <LI><a href="#[19]">SPI1_IRQHandler</a> from startup_py32f030xx.o(.text) referenced from startup_py32f030xx.o(RESET)
 <LI><a href="#[1a]">SPI2_IRQHandler</a> from startup_py32f030xx.o(.text) referenced from startup_py32f030xx.o(RESET)
 <LI><a href="#[3]">SVC_Handler</a> from py32f0xx_it.o(i.SVC_Handler) referenced from startup_py32f030xx.o(RESET)
 <LI><a href="#[5]">SysTick_Handler</a> from py32f0xx_it.o(i.SysTick_Handler) referenced from startup_py32f030xx.o(RESET)
 <LI><a href="#[1f]">SystemInit</a> from system_py32f0xx.o(i.SystemInit) referenced from startup_py32f030xx.o(.text)
 <LI><a href="#[15]">TIM14_IRQHandler</a> from startup_py32f030xx.o(.text) referenced from startup_py32f030xx.o(RESET)
 <LI><a href="#[16]">TIM16_IRQHandler</a> from startup_py32f030xx.o(.text) referenced from startup_py32f030xx.o(RESET)
 <LI><a href="#[17]">TIM17_IRQHandler</a> from startup_py32f030xx.o(.text) referenced from startup_py32f030xx.o(RESET)
 <LI><a href="#[11]">TIM1_BRK_UP_TRG_COM_IRQHandler</a> from startup_py32f030xx.o(.text) referenced from startup_py32f030xx.o(RESET)
 <LI><a href="#[12]">TIM1_CC_IRQHandler</a> from startup_py32f030xx.o(.text) referenced from startup_py32f030xx.o(RESET)
 <LI><a href="#[13]">TIM3_IRQHandler</a> from startup_py32f030xx.o(.text) referenced from startup_py32f030xx.o(RESET)
 <LI><a href="#[1b]">USART1_IRQHandler</a> from startup_py32f030xx.o(.text) referenced from startup_py32f030xx.o(RESET)
 <LI><a href="#[1c]">USART2_IRQHandler</a> from startup_py32f030xx.o(.text) referenced from startup_py32f030xx.o(RESET)
 <LI><a href="#[6]">WWDG_IRQHandler</a> from startup_py32f030xx.o(.text) referenced from startup_py32f030xx.o(RESET)
 <LI><a href="#[20]">__main</a> from entry.o(.ARM.Collect$$$$00000000) referenced from startup_py32f030xx.o(.text)
 <LI><a href="#[1e]">main</a> from system_py32f0xx.o(i.$Sub$$main) referenced from entry9a.o(.ARM.Collect$$$$0000000B)
</UL>
<P>
<H3>
Global Symbols
</H3>
<P><STRONG><a name="[20]"></a>__main</STRONG> (Thumb, 0 bytes, Stack size unknown bytes, entry.o(.ARM.Collect$$$$00000000))
<BR>[Address Reference Count : 1]<UL><LI> startup_py32f030xx.o(.text)
</UL>
<P><STRONG><a name="[51]"></a>_main_stk</STRONG> (Thumb, 0 bytes, Stack size unknown bytes, entry2.o(.ARM.Collect$$$$00000001))

<P><STRONG><a name="[21]"></a>_main_scatterload</STRONG> (Thumb, 0 bytes, Stack size unknown bytes, entry5.o(.ARM.Collect$$$$00000004))
<BR><BR>[Calls]<UL><LI><a href="#[22]">&gt;&gt;</a>&nbsp;&nbsp;&nbsp;__scatterload
</UL>

<P><STRONG><a name="[26]"></a>__main_after_scatterload</STRONG> (Thumb, 0 bytes, Stack size unknown bytes, entry5.o(.ARM.Collect$$$$00000004))
<BR><BR>[Called By]<UL><LI><a href="#[22]">&gt;&gt;</a>&nbsp;&nbsp;&nbsp;__scatterload
</UL>

<P><STRONG><a name="[52]"></a>_main_clock</STRONG> (Thumb, 0 bytes, Stack size unknown bytes, entry7b.o(.ARM.Collect$$$$00000008))

<P><STRONG><a name="[53]"></a>_main_cpp_init</STRONG> (Thumb, 0 bytes, Stack size unknown bytes, entry8b.o(.ARM.Collect$$$$0000000A))

<P><STRONG><a name="[54]"></a>_main_init</STRONG> (Thumb, 0 bytes, Stack size unknown bytes, entry9a.o(.ARM.Collect$$$$0000000B))

<P><STRONG><a name="[55]"></a>__rt_final_cpp</STRONG> (Thumb, 0 bytes, Stack size unknown bytes, entry10a.o(.ARM.Collect$$$$0000000D))

<P><STRONG><a name="[56]"></a>__rt_final_exit</STRONG> (Thumb, 0 bytes, Stack size unknown bytes, entry11a.o(.ARM.Collect$$$$0000000F))

<P><STRONG><a name="[0]"></a>Reset_Handler</STRONG> (Thumb, 8 bytes, Stack size 0 bytes, startup_py32f030xx.o(.text))
<BR>[Address Reference Count : 1]<UL><LI> startup_py32f030xx.o(RESET)
</UL>
<P><STRONG><a name="[10]"></a>ADC_COMP_IRQHandler</STRONG> (Thumb, 0 bytes, Stack size 0 bytes, startup_py32f030xx.o(.text))
<BR><BR>[Calls]<UL><LI><a href="#[10]">&gt;&gt;</a>&nbsp;&nbsp;&nbsp;ADC_COMP_IRQHandler
</UL>
<BR>[Called By]<UL><LI><a href="#[10]">&gt;&gt;</a>&nbsp;&nbsp;&nbsp;ADC_COMP_IRQHandler
</UL>
<BR>[Address Reference Count : 1]<UL><LI> startup_py32f030xx.o(RESET)
</UL>
<P><STRONG><a name="[e]"></a>DMA1_Channel1_IRQHandler</STRONG> (Thumb, 0 bytes, Stack size 0 bytes, startup_py32f030xx.o(.text))
<BR>[Address Reference Count : 1]<UL><LI> startup_py32f030xx.o(RESET)
</UL>
<P><STRONG><a name="[f]"></a>DMA1_Channel2_3_IRQHandler</STRONG> (Thumb, 0 bytes, Stack size 0 bytes, startup_py32f030xx.o(.text))
<BR>[Address Reference Count : 1]<UL><LI> startup_py32f030xx.o(RESET)
</UL>
<P><STRONG><a name="[b]"></a>EXTI0_1_IRQHandler</STRONG> (Thumb, 0 bytes, Stack size 0 bytes, startup_py32f030xx.o(.text))
<BR>[Address Reference Count : 1]<UL><LI> startup_py32f030xx.o(RESET)
</UL>
<P><STRONG><a name="[9]"></a>FLASH_IRQHandler</STRONG> (Thumb, 0 bytes, Stack size 0 bytes, startup_py32f030xx.o(.text))
<BR>[Address Reference Count : 1]<UL><LI> startup_py32f030xx.o(RESET)
</UL>
<P><STRONG><a name="[18]"></a>I2C1_IRQHandler</STRONG> (Thumb, 0 bytes, Stack size 0 bytes, startup_py32f030xx.o(.text))
<BR>[Address Reference Count : 1]<UL><LI> startup_py32f030xx.o(RESET)
</UL>
<P><STRONG><a name="[1d]"></a>LED_IRQHandler</STRONG> (Thumb, 0 bytes, Stack size 0 bytes, startup_py32f030xx.o(.text))
<BR>[Address Reference Count : 1]<UL><LI> startup_py32f030xx.o(RESET)
</UL>
<P><STRONG><a name="[14]"></a>LPTIM1_IRQHandler</STRONG> (Thumb, 0 bytes, Stack size 0 bytes, startup_py32f030xx.o(.text))
<BR>[Address Reference Count : 1]<UL><LI> startup_py32f030xx.o(RESET)
</UL>
<P><STRONG><a name="[a]"></a>RCC_IRQHandler</STRONG> (Thumb, 0 bytes, Stack size 0 bytes, startup_py32f030xx.o(.text))
<BR>[Address Reference Count : 1]<UL><LI> startup_py32f030xx.o(RESET)
</UL>
<P><STRONG><a name="[8]"></a>RTC_IRQHandler</STRONG> (Thumb, 0 bytes, Stack size 0 bytes, startup_py32f030xx.o(.text))
<BR>[Address Reference Count : 1]<UL><LI> startup_py32f030xx.o(RESET)
</UL>
<P><STRONG><a name="[19]"></a>SPI1_IRQHandler</STRONG> (Thumb, 0 bytes, Stack size 0 bytes, startup_py32f030xx.o(.text))
<BR>[Address Reference Count : 1]<UL><LI> startup_py32f030xx.o(RESET)
</UL>
<P><STRONG><a name="[1a]"></a>SPI2_IRQHandler</STRONG> (Thumb, 0 bytes, Stack size 0 bytes, startup_py32f030xx.o(.text))
<BR>[Address Reference Count : 1]<UL><LI> startup_py32f030xx.o(RESET)
</UL>
<P><STRONG><a name="[15]"></a>TIM14_IRQHandler</STRONG> (Thumb, 0 bytes, Stack size 0 bytes, startup_py32f030xx.o(.text))
<BR>[Address Reference Count : 1]<UL><LI> startup_py32f030xx.o(RESET)
</UL>
<P><STRONG><a name="[16]"></a>TIM16_IRQHandler</STRONG> (Thumb, 0 bytes, Stack size 0 bytes, startup_py32f030xx.o(.text))
<BR>[Address Reference Count : 1]<UL><LI> startup_py32f030xx.o(RESET)
</UL>
<P><STRONG><a name="[17]"></a>TIM17_IRQHandler</STRONG> (Thumb, 0 bytes, Stack size 0 bytes, startup_py32f030xx.o(.text))
<BR>[Address Reference Count : 1]<UL><LI> startup_py32f030xx.o(RESET)
</UL>
<P><STRONG><a name="[11]"></a>TIM1_BRK_UP_TRG_COM_IRQHandler</STRONG> (Thumb, 0 bytes, Stack size 0 bytes, startup_py32f030xx.o(.text))
<BR>[Address Reference Count : 1]<UL><LI> startup_py32f030xx.o(RESET)
</UL>
<P><STRONG><a name="[12]"></a>TIM1_CC_IRQHandler</STRONG> (Thumb, 0 bytes, Stack size 0 bytes, startup_py32f030xx.o(.text))
<BR>[Address Reference Count : 1]<UL><LI> startup_py32f030xx.o(RESET)
</UL>
<P><STRONG><a name="[13]"></a>TIM3_IRQHandler</STRONG> (Thumb, 0 bytes, Stack size 0 bytes, startup_py32f030xx.o(.text))
<BR>[Address Reference Count : 1]<UL><LI> startup_py32f030xx.o(RESET)
</UL>
<P><STRONG><a name="[1b]"></a>USART1_IRQHandler</STRONG> (Thumb, 0 bytes, Stack size 0 bytes, startup_py32f030xx.o(.text))
<BR>[Address Reference Count : 1]<UL><LI> startup_py32f030xx.o(RESET)
</UL>
<P><STRONG><a name="[1c]"></a>USART2_IRQHandler</STRONG> (Thumb, 0 bytes, Stack size 0 bytes, startup_py32f030xx.o(.text))
<BR>[Address Reference Count : 1]<UL><LI> startup_py32f030xx.o(RESET)
</UL>
<P><STRONG><a name="[6]"></a>WWDG_IRQHandler</STRONG> (Thumb, 0 bytes, Stack size 0 bytes, startup_py32f030xx.o(.text))
<BR>[Address Reference Count : 1]<UL><LI> startup_py32f030xx.o(RESET)
</UL>
<P><STRONG><a name="[57]"></a>__aeabi_uidiv</STRONG> (Thumb, 0 bytes, Stack size 12 bytes, uidiv.o(.text), UNUSED)

<P><STRONG><a name="[3d]"></a>__aeabi_uidivmod</STRONG> (Thumb, 44 bytes, Stack size 12 bytes, uidiv.o(.text))
<BR><BR>[Stack]<UL><LI>Max Depth = 12<LI>Call Chain = __aeabi_uidivmod
</UL>
<BR>[Called By]<UL><LI><a href="#[3b]">&gt;&gt;</a>&nbsp;&nbsp;&nbsp;HAL_InitTick
<LI><a href="#[4d]">&gt;&gt;</a>&nbsp;&nbsp;&nbsp;Systick_Initial
<LI><a href="#[44]">&gt;&gt;</a>&nbsp;&nbsp;&nbsp;HAL_RCC_GetSysClockFreq
</UL>

<P><STRONG><a name="[58]"></a>__aeabi_memcpy</STRONG> (Thumb, 36 bytes, Stack size 0 bytes, memcpya.o(.text), UNUSED)

<P><STRONG><a name="[45]"></a>__aeabi_memcpy4</STRONG> (Thumb, 0 bytes, Stack size 0 bytes, memcpya.o(.text))
<BR><BR>[Called By]<UL><LI><a href="#[44]">&gt;&gt;</a>&nbsp;&nbsp;&nbsp;HAL_RCC_GetSysClockFreq
</UL>

<P><STRONG><a name="[59]"></a>__aeabi_memcpy8</STRONG> (Thumb, 0 bytes, Stack size 0 bytes, memcpya.o(.text), UNUSED)

<P><STRONG><a name="[24]"></a>__aeabi_memset</STRONG> (Thumb, 14 bytes, Stack size 0 bytes, memseta.o(.text), UNUSED)
<BR><BR>[Called By]<UL><LI><a href="#[25]">&gt;&gt;</a>&nbsp;&nbsp;&nbsp;_memset$wrapper
<LI><a href="#[23]">&gt;&gt;</a>&nbsp;&nbsp;&nbsp;__aeabi_memclr
</UL>

<P><STRONG><a name="[5a]"></a>__aeabi_memset4</STRONG> (Thumb, 0 bytes, Stack size 0 bytes, memseta.o(.text), UNUSED)

<P><STRONG><a name="[5b]"></a>__aeabi_memset8</STRONG> (Thumb, 0 bytes, Stack size 0 bytes, memseta.o(.text), UNUSED)

<P><STRONG><a name="[23]"></a>__aeabi_memclr</STRONG> (Thumb, 4 bytes, Stack size 0 bytes, memseta.o(.text), UNUSED)
<BR><BR>[Calls]<UL><LI><a href="#[24]">&gt;&gt;</a>&nbsp;&nbsp;&nbsp;__aeabi_memset
</UL>

<P><STRONG><a name="[4c]"></a>__aeabi_memclr4</STRONG> (Thumb, 0 bytes, Stack size 0 bytes, memseta.o(.text))
<BR><BR>[Called By]<UL><LI><a href="#[4b]">&gt;&gt;</a>&nbsp;&nbsp;&nbsp;SystemClockConfig
</UL>

<P><STRONG><a name="[5c]"></a>__aeabi_memclr8</STRONG> (Thumb, 0 bytes, Stack size 0 bytes, memseta.o(.text), UNUSED)

<P><STRONG><a name="[25]"></a>_memset$wrapper</STRONG> (Thumb, 18 bytes, Stack size 8 bytes, memseta.o(.text), UNUSED)
<BR><BR>[Calls]<UL><LI><a href="#[24]">&gt;&gt;</a>&nbsp;&nbsp;&nbsp;__aeabi_memset
</UL>

<P><STRONG><a name="[22]"></a>__scatterload</STRONG> (Thumb, 28 bytes, Stack size 0 bytes, init.o(.text))
<BR><BR>[Calls]<UL><LI><a href="#[26]">&gt;&gt;</a>&nbsp;&nbsp;&nbsp;__main_after_scatterload
</UL>
<BR>[Called By]<UL><LI><a href="#[21]">&gt;&gt;</a>&nbsp;&nbsp;&nbsp;_main_scatterload
</UL>

<P><STRONG><a name="[5d]"></a>__scatterload_rt2</STRONG> (Thumb, 0 bytes, Stack size 0 bytes, init.o(.text), UNUSED)

<P><STRONG><a name="[1e]"></a>main</STRONG> (Thumb, 44 bytes, Stack size 16 bytes, system_py32f0xx.o(i.$Sub$$main))
<BR><BR>[Stack]<UL><LI>Max Depth = 164<LI>Call Chain = main &rArr; $Super$$main &rArr; SystemClockConfig &rArr; HAL_RCC_OscConfig &rArr; HAL_RCC_GetSysClockFreq &rArr; __aeabi_uidivmod
</UL>
<BR>[Calls]<UL><LI><a href="#[27]">&gt;&gt;</a>&nbsp;&nbsp;&nbsp;$Super$$main
</UL>
<BR>[Address Reference Count : 1]<UL><LI> entry9a.o(.ARM.Collect$$$$0000000B)
</UL>
<P><STRONG><a name="[c]"></a>EXTI2_3_IRQHandler</STRONG> (Thumb, 16 bytes, Stack size 8 bytes, py32f0xx_it.o(i.EXTI2_3_IRQHandler))
<BR><BR>[Stack]<UL><LI>Max Depth = 16<LI>Call Chain = EXTI2_3_IRQHandler &rArr; HAL_GPIO_EXTI_IRQHandler
</UL>
<BR>[Calls]<UL><LI><a href="#[2f]">&gt;&gt;</a>&nbsp;&nbsp;&nbsp;HAL_GPIO_EXTI_IRQHandler
</UL>
<BR>[Address Reference Count : 1]<UL><LI> startup_py32f030xx.o(RESET)
</UL>
<P><STRONG><a name="[d]"></a>EXTI4_15_IRQHandler</STRONG> (Thumb, 12 bytes, Stack size 8 bytes, py32f0xx_it.o(i.EXTI4_15_IRQHandler))
<BR><BR>[Stack]<UL><LI>Max Depth = 16<LI>Call Chain = EXTI4_15_IRQHandler &rArr; HAL_GPIO_EXTI_IRQHandler
</UL>
<BR>[Calls]<UL><LI><a href="#[2f]">&gt;&gt;</a>&nbsp;&nbsp;&nbsp;HAL_GPIO_EXTI_IRQHandler
</UL>
<BR>[Address Reference Count : 1]<UL><LI> startup_py32f030xx.o(RESET)
</UL>
<P><STRONG><a name="[33]"></a>Error_Handler</STRONG> (Thumb, 4 bytes, Stack size 0 bytes, main.o(i.Error_Handler))
<BR><BR>[Called By]<UL><LI><a href="#[4b]">&gt;&gt;</a>&nbsp;&nbsp;&nbsp;SystemClockConfig
<LI><a href="#[32]">&gt;&gt;</a>&nbsp;&nbsp;&nbsp;GPIO_INITIAL
</UL>

<P><STRONG><a name="[30]"></a>FLASH_WaitForLastOperation</STRONG> (Thumb, 50 bytes, Stack size 16 bytes, py32f0xx_hal_flash.o(i.FLASH_WaitForLastOperation))
<BR><BR>[Stack]<UL><LI>Max Depth = 16<LI>Call Chain = FLASH_WaitForLastOperation
</UL>
<BR>[Calls]<UL><LI><a href="#[31]">&gt;&gt;</a>&nbsp;&nbsp;&nbsp;HAL_GetTick
</UL>
<BR>[Called By]<UL><LI><a href="#[2b]">&gt;&gt;</a>&nbsp;&nbsp;&nbsp;HAL_FLASH_OBProgram
</UL>

<P><STRONG><a name="[32]"></a>GPIO_INITIAL</STRONG> (Thumb, 218 bytes, Stack size 40 bytes, gpio.o(i.GPIO_INITIAL))
<BR><BR>[Stack]<UL><LI>Max Depth = 56<LI>Call Chain = GPIO_INITIAL &rArr; HAL_GPIO_Init
</UL>
<BR>[Calls]<UL><LI><a href="#[35]">&gt;&gt;</a>&nbsp;&nbsp;&nbsp;HAL_GPIO_Init
<LI><a href="#[34]">&gt;&gt;</a>&nbsp;&nbsp;&nbsp;__ARM_common_switch8
<LI><a href="#[33]">&gt;&gt;</a>&nbsp;&nbsp;&nbsp;Error_Handler
</UL>
<BR>[Called By]<UL><LI><a href="#[27]">&gt;&gt;</a>&nbsp;&nbsp;&nbsp;$Super$$main
</UL>

<P><STRONG><a name="[2c]"></a>HAL_FLASH_Lock</STRONG> (Thumb, 30 bytes, Stack size 0 bytes, py32f0xx_hal_flash.o(i.HAL_FLASH_Lock))
<BR><BR>[Called By]<UL><LI><a href="#[28]">&gt;&gt;</a>&nbsp;&nbsp;&nbsp;APP_FlashOBProgram
</UL>

<P><STRONG><a name="[2b]"></a>HAL_FLASH_OBProgram</STRONG> (Thumb, 514 bytes, Stack size 16 bytes, py32f0xx_hal_flash.o(i.HAL_FLASH_OBProgram))
<BR><BR>[Stack]<UL><LI>Max Depth = 32<LI>Call Chain = HAL_FLASH_OBProgram &rArr; FLASH_WaitForLastOperation
</UL>
<BR>[Calls]<UL><LI><a href="#[36]">&gt;&gt;</a>&nbsp;&nbsp;&nbsp;FLASH_OB_OptrConfig
<LI><a href="#[37]">&gt;&gt;</a>&nbsp;&nbsp;&nbsp;FLASH_OB_GetUser
<LI><a href="#[38]">&gt;&gt;</a>&nbsp;&nbsp;&nbsp;FLASH_OB_GetRDP
<LI><a href="#[30]">&gt;&gt;</a>&nbsp;&nbsp;&nbsp;FLASH_WaitForLastOperation
</UL>
<BR>[Called By]<UL><LI><a href="#[28]">&gt;&gt;</a>&nbsp;&nbsp;&nbsp;APP_FlashOBProgram
</UL>

<P><STRONG><a name="[2e]"></a>HAL_FLASH_OB_Launch</STRONG> (Thumb, 18 bytes, Stack size 0 bytes, py32f0xx_hal_flash.o(i.HAL_FLASH_OB_Launch))
<BR><BR>[Called By]<UL><LI><a href="#[28]">&gt;&gt;</a>&nbsp;&nbsp;&nbsp;APP_FlashOBProgram
</UL>

<P><STRONG><a name="[2d]"></a>HAL_FLASH_OB_Lock</STRONG> (Thumb, 30 bytes, Stack size 0 bytes, py32f0xx_hal_flash.o(i.HAL_FLASH_OB_Lock))
<BR><BR>[Called By]<UL><LI><a href="#[28]">&gt;&gt;</a>&nbsp;&nbsp;&nbsp;APP_FlashOBProgram
</UL>

<P><STRONG><a name="[2a]"></a>HAL_FLASH_OB_Unlock</STRONG> (Thumb, 40 bytes, Stack size 0 bytes, py32f0xx_hal_flash.o(i.HAL_FLASH_OB_Unlock))
<BR><BR>[Called By]<UL><LI><a href="#[28]">&gt;&gt;</a>&nbsp;&nbsp;&nbsp;APP_FlashOBProgram
</UL>

<P><STRONG><a name="[29]"></a>HAL_FLASH_Unlock</STRONG> (Thumb, 40 bytes, Stack size 0 bytes, py32f0xx_hal_flash.o(i.HAL_FLASH_Unlock))
<BR><BR>[Called By]<UL><LI><a href="#[28]">&gt;&gt;</a>&nbsp;&nbsp;&nbsp;APP_FlashOBProgram
</UL>

<P><STRONG><a name="[39]"></a>HAL_GPIO_EXTI_Callback</STRONG> (Thumb, 2 bytes, Stack size 0 bytes, py32f0xx_hal_gpio.o(i.HAL_GPIO_EXTI_Callback))
<BR><BR>[Called By]<UL><LI><a href="#[2f]">&gt;&gt;</a>&nbsp;&nbsp;&nbsp;HAL_GPIO_EXTI_IRQHandler
</UL>

<P><STRONG><a name="[2f]"></a>HAL_GPIO_EXTI_IRQHandler</STRONG> (Thumb, 26 bytes, Stack size 8 bytes, py32f0xx_hal_gpio.o(i.HAL_GPIO_EXTI_IRQHandler))
<BR><BR>[Stack]<UL><LI>Max Depth = 8<LI>Call Chain = HAL_GPIO_EXTI_IRQHandler
</UL>
<BR>[Calls]<UL><LI><a href="#[39]">&gt;&gt;</a>&nbsp;&nbsp;&nbsp;HAL_GPIO_EXTI_Callback
</UL>
<BR>[Called By]<UL><LI><a href="#[d]">&gt;&gt;</a>&nbsp;&nbsp;&nbsp;EXTI4_15_IRQHandler
<LI><a href="#[c]">&gt;&gt;</a>&nbsp;&nbsp;&nbsp;EXTI2_3_IRQHandler
</UL>

<P><STRONG><a name="[35]"></a>HAL_GPIO_Init</STRONG> (Thumb, 428 bytes, Stack size 16 bytes, py32f0xx_hal_gpio.o(i.HAL_GPIO_Init))
<BR><BR>[Stack]<UL><LI>Max Depth = 16<LI>Call Chain = HAL_GPIO_Init
</UL>
<BR>[Called By]<UL><LI><a href="#[32]">&gt;&gt;</a>&nbsp;&nbsp;&nbsp;GPIO_INITIAL
</UL>

<P><STRONG><a name="[49]"></a>HAL_GPIO_ReadPin</STRONG> (Thumb, 18 bytes, Stack size 0 bytes, py32f0xx_hal_gpio.o(i.HAL_GPIO_ReadPin))
<BR><BR>[Called By]<UL><LI><a href="#[48]">&gt;&gt;</a>&nbsp;&nbsp;&nbsp;Key_Reload_Long
</UL>

<P><STRONG><a name="[31]"></a>HAL_GetTick</STRONG> (Thumb, 6 bytes, Stack size 0 bytes, py32f0xx_hal.o(i.HAL_GetTick))
<BR><BR>[Called By]<UL><LI><a href="#[46]">&gt;&gt;</a>&nbsp;&nbsp;&nbsp;HAL_RCC_OscConfig
<LI><a href="#[43]">&gt;&gt;</a>&nbsp;&nbsp;&nbsp;HAL_RCC_ClockConfig
<LI><a href="#[30]">&gt;&gt;</a>&nbsp;&nbsp;&nbsp;FLASH_WaitForLastOperation
</UL>

<P><STRONG><a name="[4a]"></a>HAL_IncTick</STRONG> (Thumb, 16 bytes, Stack size 0 bytes, py32f0xx_hal.o(i.HAL_IncTick))
<BR><BR>[Called By]<UL><LI><a href="#[5]">&gt;&gt;</a>&nbsp;&nbsp;&nbsp;SysTick_Handler
</UL>

<P><STRONG><a name="[3a]"></a>HAL_Init</STRONG> (Thumb, 26 bytes, Stack size 8 bytes, py32f0xx_hal.o(i.HAL_Init))
<BR><BR>[Stack]<UL><LI>Max Depth = 56<LI>Call Chain = HAL_Init &rArr; HAL_InitTick &rArr; HAL_SYSTICK_Config &rArr; NVIC_SetPriority
</UL>
<BR>[Calls]<UL><LI><a href="#[3b]">&gt;&gt;</a>&nbsp;&nbsp;&nbsp;HAL_InitTick
<LI><a href="#[3c]">&gt;&gt;</a>&nbsp;&nbsp;&nbsp;HAL_MspInit
</UL>
<BR>[Called By]<UL><LI><a href="#[27]">&gt;&gt;</a>&nbsp;&nbsp;&nbsp;$Super$$main
</UL>

<P><STRONG><a name="[3b]"></a>HAL_InitTick</STRONG> (Thumb, 82 bytes, Stack size 24 bytes, py32f0xx_hal.o(i.HAL_InitTick))
<BR><BR>[Stack]<UL><LI>Max Depth = 48<LI>Call Chain = HAL_InitTick &rArr; HAL_SYSTICK_Config &rArr; NVIC_SetPriority
</UL>
<BR>[Calls]<UL><LI><a href="#[3e]">&gt;&gt;</a>&nbsp;&nbsp;&nbsp;HAL_SYSTICK_Config
<LI><a href="#[3f]">&gt;&gt;</a>&nbsp;&nbsp;&nbsp;HAL_NVIC_SetPriority
<LI><a href="#[3d]">&gt;&gt;</a>&nbsp;&nbsp;&nbsp;__aeabi_uidivmod
</UL>
<BR>[Called By]<UL><LI><a href="#[46]">&gt;&gt;</a>&nbsp;&nbsp;&nbsp;HAL_RCC_OscConfig
<LI><a href="#[43]">&gt;&gt;</a>&nbsp;&nbsp;&nbsp;HAL_RCC_ClockConfig
<LI><a href="#[3a]">&gt;&gt;</a>&nbsp;&nbsp;&nbsp;HAL_Init
</UL>

<P><STRONG><a name="[3c]"></a>HAL_MspInit</STRONG> (Thumb, 64 bytes, Stack size 8 bytes, py32f0xx_hal_msp.o(i.HAL_MspInit))
<BR><BR>[Stack]<UL><LI>Max Depth = 8<LI>Call Chain = HAL_MspInit
</UL>
<BR>[Called By]<UL><LI><a href="#[3a]">&gt;&gt;</a>&nbsp;&nbsp;&nbsp;HAL_Init
</UL>

<P><STRONG><a name="[3f]"></a>HAL_NVIC_SetPriority</STRONG> (Thumb, 18 bytes, Stack size 16 bytes, py32f0xx_hal_cortex.o(i.HAL_NVIC_SetPriority))
<BR><BR>[Stack]<UL><LI>Max Depth = 24<LI>Call Chain = HAL_NVIC_SetPriority &rArr; NVIC_SetPriority
</UL>
<BR>[Calls]<UL><LI><a href="#[40]">&gt;&gt;</a>&nbsp;&nbsp;&nbsp;NVIC_SetPriority
</UL>
<BR>[Called By]<UL><LI><a href="#[3b]">&gt;&gt;</a>&nbsp;&nbsp;&nbsp;HAL_InitTick
<LI><a href="#[4d]">&gt;&gt;</a>&nbsp;&nbsp;&nbsp;Systick_Initial
</UL>

<P><STRONG><a name="[42]"></a>HAL_PWR_PVD_Callback</STRONG> (Thumb, 2 bytes, Stack size 0 bytes, py32f0xx_hal_pwr.o(i.HAL_PWR_PVD_Callback))
<BR><BR>[Called By]<UL><LI><a href="#[41]">&gt;&gt;</a>&nbsp;&nbsp;&nbsp;HAL_PWR_PVD_IRQHandler
</UL>

<P><STRONG><a name="[41]"></a>HAL_PWR_PVD_IRQHandler</STRONG> (Thumb, 28 bytes, Stack size 8 bytes, py32f0xx_hal_pwr.o(i.HAL_PWR_PVD_IRQHandler))
<BR><BR>[Stack]<UL><LI>Max Depth = 8<LI>Call Chain = HAL_PWR_PVD_IRQHandler
</UL>
<BR>[Calls]<UL><LI><a href="#[42]">&gt;&gt;</a>&nbsp;&nbsp;&nbsp;HAL_PWR_PVD_Callback
</UL>
<BR>[Called By]<UL><LI><a href="#[7]">&gt;&gt;</a>&nbsp;&nbsp;&nbsp;PVD_IRQHandler
</UL>

<P><STRONG><a name="[43]"></a>HAL_RCC_ClockConfig</STRONG> (Thumb, 442 bytes, Stack size 16 bytes, py32f0xx_hal_rcc.o(i.HAL_RCC_ClockConfig))
<BR><BR>[Stack]<UL><LI>Max Depth = 68<LI>Call Chain = HAL_RCC_ClockConfig &rArr; HAL_RCC_GetSysClockFreq &rArr; __aeabi_uidivmod
</UL>
<BR>[Calls]<UL><LI><a href="#[3b]">&gt;&gt;</a>&nbsp;&nbsp;&nbsp;HAL_InitTick
<LI><a href="#[31]">&gt;&gt;</a>&nbsp;&nbsp;&nbsp;HAL_GetTick
<LI><a href="#[44]">&gt;&gt;</a>&nbsp;&nbsp;&nbsp;HAL_RCC_GetSysClockFreq
</UL>
<BR>[Called By]<UL><LI><a href="#[4b]">&gt;&gt;</a>&nbsp;&nbsp;&nbsp;SystemClockConfig
</UL>

<P><STRONG><a name="[4e]"></a>HAL_RCC_GetHCLKFreq</STRONG> (Thumb, 6 bytes, Stack size 0 bytes, py32f0xx_hal_rcc.o(i.HAL_RCC_GetHCLKFreq))
<BR><BR>[Called By]<UL><LI><a href="#[4d]">&gt;&gt;</a>&nbsp;&nbsp;&nbsp;Systick_Initial
</UL>

<P><STRONG><a name="[44]"></a>HAL_RCC_GetSysClockFreq</STRONG> (Thumb, 200 bytes, Stack size 40 bytes, py32f0xx_hal_rcc.o(i.HAL_RCC_GetSysClockFreq))
<BR><BR>[Stack]<UL><LI>Max Depth = 52<LI>Call Chain = HAL_RCC_GetSysClockFreq &rArr; __aeabi_uidivmod
</UL>
<BR>[Calls]<UL><LI><a href="#[45]">&gt;&gt;</a>&nbsp;&nbsp;&nbsp;__aeabi_memcpy4
<LI><a href="#[3d]">&gt;&gt;</a>&nbsp;&nbsp;&nbsp;__aeabi_uidivmod
</UL>
<BR>[Called By]<UL><LI><a href="#[46]">&gt;&gt;</a>&nbsp;&nbsp;&nbsp;HAL_RCC_OscConfig
<LI><a href="#[43]">&gt;&gt;</a>&nbsp;&nbsp;&nbsp;HAL_RCC_ClockConfig
</UL>

<P><STRONG><a name="[46]"></a>HAL_RCC_OscConfig</STRONG> (Thumb, 1480 bytes, Stack size 32 bytes, py32f0xx_hal_rcc.o(i.HAL_RCC_OscConfig))
<BR><BR>[Stack]<UL><LI>Max Depth = 84<LI>Call Chain = HAL_RCC_OscConfig &rArr; HAL_RCC_GetSysClockFreq &rArr; __aeabi_uidivmod
</UL>
<BR>[Calls]<UL><LI><a href="#[3b]">&gt;&gt;</a>&nbsp;&nbsp;&nbsp;HAL_InitTick
<LI><a href="#[31]">&gt;&gt;</a>&nbsp;&nbsp;&nbsp;HAL_GetTick
<LI><a href="#[44]">&gt;&gt;</a>&nbsp;&nbsp;&nbsp;HAL_RCC_GetSysClockFreq
<LI><a href="#[47]">&gt;&gt;</a>&nbsp;&nbsp;&nbsp;RCC_GetHSIFreq
</UL>
<BR>[Called By]<UL><LI><a href="#[4b]">&gt;&gt;</a>&nbsp;&nbsp;&nbsp;SystemClockConfig
</UL>

<P><STRONG><a name="[4f]"></a>HAL_SYSTICK_CLKSourceConfig</STRONG> (Thumb, 32 bytes, Stack size 0 bytes, py32f0xx_hal_cortex.o(i.HAL_SYSTICK_CLKSourceConfig))
<BR><BR>[Called By]<UL><LI><a href="#[4d]">&gt;&gt;</a>&nbsp;&nbsp;&nbsp;Systick_Initial
</UL>

<P><STRONG><a name="[3e]"></a>HAL_SYSTICK_Config</STRONG> (Thumb, 46 bytes, Stack size 16 bytes, py32f0xx_hal_cortex.o(i.HAL_SYSTICK_Config))
<BR><BR>[Stack]<UL><LI>Max Depth = 24<LI>Call Chain = HAL_SYSTICK_Config &rArr; NVIC_SetPriority
</UL>
<BR>[Calls]<UL><LI><a href="#[40]">&gt;&gt;</a>&nbsp;&nbsp;&nbsp;NVIC_SetPriority
</UL>
<BR>[Called By]<UL><LI><a href="#[3b]">&gt;&gt;</a>&nbsp;&nbsp;&nbsp;HAL_InitTick
<LI><a href="#[4d]">&gt;&gt;</a>&nbsp;&nbsp;&nbsp;Systick_Initial
</UL>

<P><STRONG><a name="[2]"></a>HardFault_Handler</STRONG> (Thumb, 4 bytes, Stack size 0 bytes, py32f0xx_it.o(i.HardFault_Handler))
<BR>[Address Reference Count : 1]<UL><LI> startup_py32f030xx.o(RESET)
</UL>
<P><STRONG><a name="[50]"></a>Key_Flag_Out_Scan</STRONG> (Thumb, 16 bytes, Stack size 0 bytes, key.o(i.Key_Flag_Out_Scan))
<BR><BR>[Called By]<UL><LI><a href="#[27]">&gt;&gt;</a>&nbsp;&nbsp;&nbsp;$Super$$main
</UL>

<P><STRONG><a name="[48]"></a>Key_Reload_Long</STRONG> (Thumb, 94 bytes, Stack size 8 bytes, key.o(i.Key_Reload_Long))
<BR><BR>[Stack]<UL><LI>Max Depth = 8<LI>Call Chain = Key_Reload_Long
</UL>
<BR>[Calls]<UL><LI><a href="#[49]">&gt;&gt;</a>&nbsp;&nbsp;&nbsp;HAL_GPIO_ReadPin
</UL>
<BR>[Called By]<UL><LI><a href="#[27]">&gt;&gt;</a>&nbsp;&nbsp;&nbsp;$Super$$main
</UL>

<P><STRONG><a name="[1]"></a>NMI_Handler</STRONG> (Thumb, 2 bytes, Stack size 0 bytes, py32f0xx_it.o(i.NMI_Handler))
<BR>[Address Reference Count : 1]<UL><LI> startup_py32f030xx.o(RESET)
</UL>
<P><STRONG><a name="[7]"></a>PVD_IRQHandler</STRONG> (Thumb, 8 bytes, Stack size 8 bytes, py32f0xx_it.o(i.PVD_IRQHandler))
<BR><BR>[Stack]<UL><LI>Max Depth = 16<LI>Call Chain = PVD_IRQHandler &rArr; HAL_PWR_PVD_IRQHandler
</UL>
<BR>[Calls]<UL><LI><a href="#[41]">&gt;&gt;</a>&nbsp;&nbsp;&nbsp;HAL_PWR_PVD_IRQHandler
</UL>
<BR>[Address Reference Count : 1]<UL><LI> startup_py32f030xx.o(RESET)
</UL>
<P><STRONG><a name="[4]"></a>PendSV_Handler</STRONG> (Thumb, 2 bytes, Stack size 0 bytes, py32f0xx_it.o(i.PendSV_Handler))
<BR>[Address Reference Count : 1]<UL><LI> startup_py32f030xx.o(RESET)
</UL>
<P><STRONG><a name="[3]"></a>SVC_Handler</STRONG> (Thumb, 2 bytes, Stack size 0 bytes, py32f0xx_it.o(i.SVC_Handler))
<BR>[Address Reference Count : 1]<UL><LI> startup_py32f030xx.o(RESET)
</UL>
<P><STRONG><a name="[5]"></a>SysTick_Handler</STRONG> (Thumb, 36 bytes, Stack size 8 bytes, py32f0xx_it.o(i.SysTick_Handler))
<BR><BR>[Stack]<UL><LI>Max Depth = 8<LI>Call Chain = SysTick_Handler
</UL>
<BR>[Calls]<UL><LI><a href="#[4a]">&gt;&gt;</a>&nbsp;&nbsp;&nbsp;HAL_IncTick
</UL>
<BR>[Address Reference Count : 1]<UL><LI> startup_py32f030xx.o(RESET)
</UL>
<P><STRONG><a name="[4b]"></a>SystemClockConfig</STRONG> (Thumb, 104 bytes, Stack size 64 bytes, initial.o(i.SystemClockConfig))
<BR><BR>[Stack]<UL><LI>Max Depth = 148<LI>Call Chain = SystemClockConfig &rArr; HAL_RCC_OscConfig &rArr; HAL_RCC_GetSysClockFreq &rArr; __aeabi_uidivmod
</UL>
<BR>[Calls]<UL><LI><a href="#[46]">&gt;&gt;</a>&nbsp;&nbsp;&nbsp;HAL_RCC_OscConfig
<LI><a href="#[43]">&gt;&gt;</a>&nbsp;&nbsp;&nbsp;HAL_RCC_ClockConfig
<LI><a href="#[33]">&gt;&gt;</a>&nbsp;&nbsp;&nbsp;Error_Handler
<LI><a href="#[4c]">&gt;&gt;</a>&nbsp;&nbsp;&nbsp;__aeabi_memclr4
</UL>
<BR>[Called By]<UL><LI><a href="#[27]">&gt;&gt;</a>&nbsp;&nbsp;&nbsp;$Super$$main
</UL>

<P><STRONG><a name="[1f]"></a>SystemInit</STRONG> (Thumb, 32 bytes, Stack size 0 bytes, system_py32f0xx.o(i.SystemInit))
<BR>[Address Reference Count : 1]<UL><LI> startup_py32f030xx.o(.text)
</UL>
<P><STRONG><a name="[4d]"></a>Systick_Initial</STRONG> (Thumb, 40 bytes, Stack size 16 bytes, initial.o(i.Systick_Initial))
<BR><BR>[Stack]<UL><LI>Max Depth = 40<LI>Call Chain = Systick_Initial &rArr; HAL_SYSTICK_Config &rArr; NVIC_SetPriority
</UL>
<BR>[Calls]<UL><LI><a href="#[3e]">&gt;&gt;</a>&nbsp;&nbsp;&nbsp;HAL_SYSTICK_Config
<LI><a href="#[4f]">&gt;&gt;</a>&nbsp;&nbsp;&nbsp;HAL_SYSTICK_CLKSourceConfig
<LI><a href="#[4e]">&gt;&gt;</a>&nbsp;&nbsp;&nbsp;HAL_RCC_GetHCLKFreq
<LI><a href="#[3f]">&gt;&gt;</a>&nbsp;&nbsp;&nbsp;HAL_NVIC_SetPriority
<LI><a href="#[3d]">&gt;&gt;</a>&nbsp;&nbsp;&nbsp;__aeabi_uidivmod
</UL>
<BR>[Called By]<UL><LI><a href="#[27]">&gt;&gt;</a>&nbsp;&nbsp;&nbsp;$Super$$main
</UL>

<P><STRONG><a name="[34]"></a>__ARM_common_switch8</STRONG> (Thumb, 28 bytes, Stack size 8 bytes, gpio.o(i.__ARM_common_switch8))
<BR><BR>[Stack]<UL><LI>Max Depth = 8<LI>Call Chain = __ARM_common_switch8
</UL>
<BR>[Called By]<UL><LI><a href="#[32]">&gt;&gt;</a>&nbsp;&nbsp;&nbsp;GPIO_INITIAL
</UL>

<P><STRONG><a name="[5e]"></a>__scatterload_copy</STRONG> (Thumb, 14 bytes, Stack size unknown bytes, handlers.o(i.__scatterload_copy), UNUSED)

<P><STRONG><a name="[5f]"></a>__scatterload_null</STRONG> (Thumb, 2 bytes, Stack size unknown bytes, handlers.o(i.__scatterload_null), UNUSED)

<P><STRONG><a name="[60]"></a>__scatterload_zeroinit</STRONG> (Thumb, 14 bytes, Stack size unknown bytes, handlers.o(i.__scatterload_zeroinit), UNUSED)

<P><STRONG><a name="[27]"></a>$Super$$main</STRONG> (Thumb, 110 bytes, Stack size 0 bytes, main.o(i.main))
<BR><BR>[Stack]<UL><LI>Max Depth = 148<LI>Call Chain = $Super$$main &rArr; SystemClockConfig &rArr; HAL_RCC_OscConfig &rArr; HAL_RCC_GetSysClockFreq &rArr; __aeabi_uidivmod
</UL>
<BR>[Calls]<UL><LI><a href="#[4d]">&gt;&gt;</a>&nbsp;&nbsp;&nbsp;Systick_Initial
<LI><a href="#[4b]">&gt;&gt;</a>&nbsp;&nbsp;&nbsp;SystemClockConfig
<LI><a href="#[48]">&gt;&gt;</a>&nbsp;&nbsp;&nbsp;Key_Reload_Long
<LI><a href="#[50]">&gt;&gt;</a>&nbsp;&nbsp;&nbsp;Key_Flag_Out_Scan
<LI><a href="#[3a]">&gt;&gt;</a>&nbsp;&nbsp;&nbsp;HAL_Init
<LI><a href="#[32]">&gt;&gt;</a>&nbsp;&nbsp;&nbsp;GPIO_INITIAL
<LI><a href="#[28]">&gt;&gt;</a>&nbsp;&nbsp;&nbsp;APP_FlashOBProgram
</UL>
<BR>[Called By]<UL><LI><a href="#[1e]">&gt;&gt;</a>&nbsp;&nbsp;&nbsp;main
</UL>
<P>
<H3>
Local Symbols
</H3>
<P><STRONG><a name="[28]"></a>APP_FlashOBProgram</STRONG> (Thumb, 50 bytes, Stack size 32 bytes, main.o(i.APP_FlashOBProgram))
<BR><BR>[Stack]<UL><LI>Max Depth = 64<LI>Call Chain = APP_FlashOBProgram &rArr; HAL_FLASH_OBProgram &rArr; FLASH_WaitForLastOperation
</UL>
<BR>[Calls]<UL><LI><a href="#[29]">&gt;&gt;</a>&nbsp;&nbsp;&nbsp;HAL_FLASH_Unlock
<LI><a href="#[2a]">&gt;&gt;</a>&nbsp;&nbsp;&nbsp;HAL_FLASH_OB_Unlock
<LI><a href="#[2d]">&gt;&gt;</a>&nbsp;&nbsp;&nbsp;HAL_FLASH_OB_Lock
<LI><a href="#[2e]">&gt;&gt;</a>&nbsp;&nbsp;&nbsp;HAL_FLASH_OB_Launch
<LI><a href="#[2b]">&gt;&gt;</a>&nbsp;&nbsp;&nbsp;HAL_FLASH_OBProgram
<LI><a href="#[2c]">&gt;&gt;</a>&nbsp;&nbsp;&nbsp;HAL_FLASH_Lock
</UL>
<BR>[Called By]<UL><LI><a href="#[27]">&gt;&gt;</a>&nbsp;&nbsp;&nbsp;$Super$$main
</UL>

<P><STRONG><a name="[40]"></a>NVIC_SetPriority</STRONG> (Thumb, 110 bytes, Stack size 8 bytes, py32f0xx_hal_cortex.o(i.NVIC_SetPriority))
<BR><BR>[Stack]<UL><LI>Max Depth = 8<LI>Call Chain = NVIC_SetPriority
</UL>
<BR>[Called By]<UL><LI><a href="#[3e]">&gt;&gt;</a>&nbsp;&nbsp;&nbsp;HAL_SYSTICK_Config
<LI><a href="#[3f]">&gt;&gt;</a>&nbsp;&nbsp;&nbsp;HAL_NVIC_SetPriority
</UL>

<P><STRONG><a name="[38]"></a>FLASH_OB_GetRDP</STRONG> (Thumb, 18 bytes, Stack size 0 bytes, py32f0xx_hal_flash.o(i.FLASH_OB_GetRDP))
<BR><BR>[Called By]<UL><LI><a href="#[2b]">&gt;&gt;</a>&nbsp;&nbsp;&nbsp;HAL_FLASH_OBProgram
</UL>

<P><STRONG><a name="[37]"></a>FLASH_OB_GetUser</STRONG> (Thumb, 18 bytes, Stack size 0 bytes, py32f0xx_hal_flash.o(i.FLASH_OB_GetUser))
<BR><BR>[Called By]<UL><LI><a href="#[2b]">&gt;&gt;</a>&nbsp;&nbsp;&nbsp;HAL_FLASH_OBProgram
</UL>

<P><STRONG><a name="[36]"></a>FLASH_OB_OptrConfig</STRONG> (Thumb, 28 bytes, Stack size 12 bytes, py32f0xx_hal_flash.o(i.FLASH_OB_OptrConfig))
<BR><BR>[Stack]<UL><LI>Max Depth = 12<LI>Call Chain = FLASH_OB_OptrConfig
</UL>
<BR>[Called By]<UL><LI><a href="#[2b]">&gt;&gt;</a>&nbsp;&nbsp;&nbsp;HAL_FLASH_OBProgram
</UL>

<P><STRONG><a name="[47]"></a>RCC_GetHSIFreq</STRONG> (Thumb, 20 bytes, Stack size 0 bytes, py32f0xx_hal_rcc.o(i.RCC_GetHSIFreq))
<BR><BR>[Called By]<UL><LI><a href="#[46]">&gt;&gt;</a>&nbsp;&nbsp;&nbsp;HAL_RCC_OscConfig
</UL>
<P>
<H3>
Undefined Global Symbols
</H3><HR></body></html>
